Archive member included because of file (symbol)

contiki-z1.a(contiki-z1-plat)
                              obj_z1/contiki-z1-main.o (init_platform)
contiki-z1.a(msp430.o)        obj_z1/contiki-z1-main.o (splhigh_)
contiki-z1.a(leds.o)          obj_z1/contiki-z1-main.o (leds_init)
contiki-z1.a(watchdog.o)      obj_z1/contiki-z1-main.o (watchdog_start)
contiki-z1.a(xmem.o)          obj_z1/contiki-z1-main.o (xmem_init)
contiki-z1.a(spi.o)           contiki-z1.a(xmem.o) (spi_init)
contiki-z1.a(cc2420.o)        obj_z1/contiki-z1-main.o (cc2420_set_pan_addr)
contiki-z1.a(cc2420-arch.o)   contiki-z1.a(cc2420.o) (cc2420_arch_init)
contiki-z1.a(node-id.o)       obj_z1/contiki-z1-main.o (node_id_restore)
contiki-z1.a(sensors.o)       contiki-z1.a(contiki-z1-plat) (sensors_process)
contiki-z1.a(button-sensor.o)
                              obj_z1/contiki-z1-main.o (button_sensor)
contiki-z1.a(uart0.o)         obj_z1/contiki-z1-main.o (uart0_active)
contiki-z1.a(uart0-putchar.o)
                              obj_z1/contiki-z1-main.o (putchar)
contiki-z1.a(tmp102.o)        temp_send_lab1.co (tmp102_init)
contiki-z1.a(i2cmaster.o)     contiki-z1.a(tmp102.o) (i2c_receiveinit)
contiki-z1.a(adxl345.o)       obj_z1/contiki-z1-main.o (accm_init)
contiki-z1.a(clock.o)         obj_z1/contiki-z1-main.o (clock_init)
contiki-z1.a(leds-arch.o)     contiki-z1.a(leds.o) (leds_arch_init)
contiki-z1.a(rtimer-arch.o)   obj_z1/contiki-z1-main.o (rtimer_arch_now)
contiki-z1.a(autostart.o)     obj_z1/contiki-z1-main.o (autostart_start)
contiki-z1.a(ctimer.o)        obj_z1/contiki-z1-main.o (ctimer_init)
contiki-z1.a(energest.o)      obj_z1/contiki-z1-main.o (energest_init)
contiki-z1.a(etimer.o)        contiki-z1.a(clock.o) (etimer_request_poll)
contiki-z1.a(process.o)       contiki-z1.a(ctimer.o) (process_current)
contiki-z1.a(rtimer.o)        obj_z1/contiki-z1-main.o (rtimer_init)
contiki-z1.a(timer.o)         contiki-z1.a(button-sensor.o) (timer_set)
contiki-z1.a(serial-line.o)   obj_z1/contiki-z1-main.o (serial_line_input_byte)
contiki-z1.a(list.o)          contiki-z1.a(ctimer.o) (list_init)
contiki-z1.a(random.o)        temp_send_lab1.co (random_rand)
contiki-z1.a(ringbuf.o)       contiki-z1.a(serial-line.o) (ringbuf_init)
contiki-z1.a(broadcast.o)     temp_send_lab1.co (broadcast_open)
contiki-z1.a(channel.o)       contiki-z1.a(broadcast.o) (channel_set_attributes)
contiki-z1.a(rime.o)          obj_z1/contiki-z1-main.o (rime_driver)
contiki-z1.a(linkaddr.o)      obj_z1/contiki-z1-main.o (linkaddr_copy)
contiki-z1.a(packetbuf.o)     contiki-z1.a(rime.o) (packetbuf_compact)
contiki-z1.a(queuebuf.o)      contiki-z1.a(rime.o) (queuebuf_init)
contiki-z1.a(csma.o)          obj_z1/contiki-z1-main.o (csma_driver)
contiki-z1.a(mac.o)           contiki-z1.a(csma.o) (mac_call_sent_callback)
contiki-z1.a(contikimac.o)    obj_z1/contiki-z1-main.o (contikimac_driver)
contiki-z1.a(contikimac-fram)
                              contiki-z1.a(contikimac.o) (contikimac_framer)
contiki-z1.a(nullsec.o)       contiki-z1.a(rime.o) (nullsec_driver)
contiki-z1.a(compower.o)      contiki-z1.a(contikimac.o) (compower_idle_activity)
contiki-z1.a(memb.o)          contiki-z1.a(queuebuf.o) (memb_init)
contiki-z1.a(abc.o)           contiki-z1.a(broadcast.o) (abc_open)
contiki-z1.a(announcement.o)  contiki-z1.a(rime.o) (announcement_init)
contiki-z1.a(broadcast-annou)
                              contiki-z1.a(rime.o) (broadcast_announcement_init)
contiki-z1.a(chameleon.o)     contiki-z1.a(rime.o) (chameleon_init)
contiki-z1.a(framer-802154.o)
                              contiki-z1.a(contikimac-fram) (framer_802154)
contiki-z1.a(framer.o)        contiki-z1.a(framer-802154.o) (framer_canonical_create_and_secure)
contiki-z1.a(mac-sequence.o)  contiki-z1.a(contikimac.o) (mac_sequence_is_duplicate)
contiki-z1.a(chameleon-bitop)
                              contiki-z1.a(chameleon.o) (chameleon_bitopt)
contiki-z1.a(frame802154.o)   contiki-z1.a(framer-802154.o) (frame802154_hdrlen)
/usr/local/msp430/bin/../lib/gcc/msp430/4.7.0/mcpu-430x/mmpy-16/msr20/mc20/libgcc.a(_mulsi3.o)
                              contiki-z1.a(csma.o) (__mulsi3)
/usr/local/msp430/bin/../lib/gcc/msp430/4.7.0/mcpu-430x/mmpy-16/msr20/mc20/libgcc.a(_divmod16.o)
                              contiki-z1.a(tmp102.o) (__divhi3)
/usr/local/msp430/bin/../lib/gcc/msp430/4.7.0/mcpu-430x/mmpy-16/msr20/mc20/libgcc.a(_udivmod32.o)
                              obj_z1/contiki-z1-main.o (__udivsi3)
/usr/local/msp430/bin/../lib/gcc/msp430/4.7.0/mcpu-430x/mmpy-16/msr20/mc20/libgcc.a(_udivmod16.o)
                              /usr/local/msp430/bin/../lib/gcc/msp430/4.7.0/mcpu-430x/mmpy-16/msr20/mc20/libgcc.a(_divmod16.o) (__ext_udivmod16)
/usr/local/msp430/bin/../lib/gcc/msp430/4.7.0/../../../../msp430/lib/mcpu-430x/mmpy-16/msr20/mc20/libc.a(printf.o)
                              temp_send_lab1.co (printf)
[...]
Memory Configuration

Name             Origin             Length             Attributes
sfr              0x00000000         0x00000010
peripheral_8bit  0x00000010         0x000000f0
peripheral_16bit 0x00000100         0x00000100
ram_mirror       0x00000200         0x00000800         xw
infomem          0x00001000         0x00000100
infod            0x00001000         0x00000040
infoc            0x00001040         0x00000040
infob            0x00001080         0x00000040
infoa            0x000010c0         0x00000040
ram              0x00001100         0x00002000         xw
rom              0x00003100         0x0000cebe         xr
vectors          0x0000ffc0         0x00000040
far_rom          0x00010000         0x0000a000
bsl              0x00000000         0x00000000
ram2             0x00000000         0x00000000         xw
usbram           0x00000000         0x00000000         xw
*default*        0x00000000         0xffffffff

Linker script and memory map

LOAD /usr/local/msp430/bin/../lib/gcc/msp430/4.7.0/mcpu-430x/mmpy-16/msr20/mc20/crt0ivtbl32.o
                0x00000041                __P1SEL2 = 0x41
                0x00000045                __P5SEL2 = 0x45
LOAD temp_send_lab1.co
LOAD obj_z1/contiki-z1-main.o
LOAD contiki-z1.a
LOAD /usr/local/msp430/bin/../lib/gcc/msp430/4.7.0/mcpu-430x/mmpy-16/msr20/mc20/libgcc.a
LOAD /usr/local/msp430/bin/../lib/gcc/msp430/4.7.0/../../../../msp430/lib/mcpu-430x/mmpy-16/msr20/mc20/libc.a
LOAD /usr/local/msp430/bin/../lib/gcc/msp430/4.7.0/mcpu-430x/mmpy-16/msr20/mc20/libgcc.a
LOAD /usr/local/msp430/bin/../lib/gcc/msp430/4.7.0/mcpu-430x/mmpy-16/msr20/mc20/libcrt0.a
                0x00000040                PROVIDE (__info_segment_size, 0x40)
                0x00001000                PROVIDE (__infod, 0x1000)
                0x00001040                PROVIDE (__infoc, 0x1040)
                0x00001080                PROVIDE (__infob, 0x1080)
                0x000010c0                PROVIDE (__infoa, 0x10c0)
                0x00000000                __IE1 = 0x0
                0x00000002                __IFG1 = 0x2
                0x00000001                __IE2 = 0x1
                0x00000003                __IFG2 = 0x3
                0x00000006                __UC1IE = 0x6
                0x00000007                __UC1IFG = 0x7
                0x000001a0                __ADC12CTL0 = 0x1a0
                0x000001a2                __ADC12CTL1 = 0x1a2
                0x000001a4                __ADC12IFG = 0x1a4
                0x000001a6                __ADC12IE = 0x1a6
                0x000001a8                __ADC12IV = 0x1a8
                0x00000140                __ADC12MEM0 = 0x140
                0x00000142                __ADC12MEM1 = 0x142
                0x00000144                __ADC12MEM2 = 0x144
                0x00000146                __ADC12MEM3 = 0x146
                0x00000148                __ADC12MEM4 = 0x148
                0x0000014a                __ADC12MEM5 = 0x14a
                0x0000014c                __ADC12MEM6 = 0x14c
                0x0000014e                __ADC12MEM7 = 0x14e
                0x00000150                __ADC12MEM8 = 0x150
                0x00000152                __ADC12MEM9 = 0x152
                0x00000154                __ADC12MEM10 = 0x154
                0x00000156                __ADC12MEM11 = 0x156
                0x00000158                __ADC12MEM12 = 0x158
                0x0000015a                __ADC12MEM13 = 0x15a
                0x0000015c                __ADC12MEM14 = 0x15c
                0x0000015e                __ADC12MEM15 = 0x15e
                0x00000080                __ADC12MCTL0 = 0x80
                0x00000081                __ADC12MCTL1 = 0x81
                0x00000082                __ADC12MCTL2 = 0x82
                0x00000083                __ADC12MCTL3 = 0x83
                0x00000084                __ADC12MCTL4 = 0x84
                0x00000085                __ADC12MCTL5 = 0x85
                0x00000086                __ADC12MCTL6 = 0x86
                0x00000087                __ADC12MCTL7 = 0x87
                0x00000088                __ADC12MCTL8 = 0x88
                0x00000089                __ADC12MCTL9 = 0x89
                0x0000008a                __ADC12MCTL10 = 0x8a
                0x0000008b                __ADC12MCTL11 = 0x8b
                0x0000008c                __ADC12MCTL12 = 0x8c
                0x0000008d                __ADC12MCTL13 = 0x8d
                0x0000008e                __ADC12MCTL14 = 0x8e
                0x0000008f                __ADC12MCTL15 = 0x8f
                0x00000056                __DCOCTL = 0x56
                0x00000057                __BCSCTL1 = 0x57
                0x00000058                __BCSCTL2 = 0x58
                0x00000053                __BCSCTL3 = 0x53
                0x00000059                __CACTL1 = 0x59
                0x0000005a                __CACTL2 = 0x5a
                0x0000005b                __CAPD = 0x5b
                0x000001c0                __DAC12_0CTL = 0x1c0
                0x000001c2                __DAC12_1CTL = 0x1c2
                0x000001c8                __DAC12_0DAT = 0x1c8
                0x000001ca                __DAC12_1DAT = 0x1ca
                0x00000122                __DMACTL0 = 0x122
                0x00000124                __DMACTL1 = 0x124
                0x00000126                __DMAIV = 0x126
                0x000001d0                __DMA0CTL = 0x1d0
                0x000001dc                __DMA1CTL = 0x1dc
                0x000001e8                __DMA2CTL = 0x1e8
                0x000001d2                __DMA0SA = 0x1d2
                0x000001d2                __DMA0SAL = 0x1d2
                0x000001d6                __DMA0DA = 0x1d6
                0x000001d6                __DMA0DAL = 0x1d6
                0x000001da                __DMA0SZ = 0x1da
                0x000001de                __DMA1SA = 0x1de
                0x000001de                __DMA1SAL = 0x1de
                0x000001e2                __DMA1DA = 0x1e2
                0x000001e2                __DMA1DAL = 0x1e2
                0x000001e6                __DMA1SZ = 0x1e6
                0x000001ea                __DMA2SA = 0x1ea
                0x000001ea                __DMA2SAL = 0x1ea
                0x000001ee                __DMA2DA = 0x1ee
                0x000001ee                __DMA2DAL = 0x1ee
                0x000001f2                __DMA2SZ = 0x1f2
                0x00000128                __FCTL1 = 0x128
                0x0000012a                __FCTL2 = 0x12a
                0x0000012c                __FCTL3 = 0x12c
                0x000001be                __FCTL4 = 0x1be
                0x00000130                __MPY = 0x130
                0x00000132                __MPYS = 0x132
                0x00000134                __MAC = 0x134
                0x00000136                __MACS = 0x136
                0x00000138                __OP2 = 0x138
                0x0000013a                __RESLO = 0x13a
                0x0000013c                __RESHI = 0x13c
                0x0000013e                __SUMEXT = 0x13e
                0x00000020                __P1IN = 0x20
                0x00000021                __P1OUT = 0x21
                0x00000022                __P1DIR = 0x22
                0x00000023                __P1IFG = 0x23
                0x00000024                __P1IES = 0x24
                0x00000025                __P1IE = 0x25
                0x00000026                __P1SEL = 0x26
                0x00000027                __P1REN = 0x27
                0x00000028                __P2IN = 0x28
                0x00000029                __P2OUT = 0x29
                0x0000002a                __P2DIR = 0x2a
                0x0000002b                __P2IFG = 0x2b
                0x0000002c                __P2IES = 0x2c
                0x0000002d                __P2IE = 0x2d
                0x0000002e                __P2SEL = 0x2e
                0x0000002f                __P2REN = 0x2f
                0x00000018                __P3IN = 0x18
                0x00000019                __P3OUT = 0x19
                0x0000001a                __P3DIR = 0x1a
                0x0000001b                __P3SEL = 0x1b
                0x00000010                __P3REN = 0x10
                0x0000001c                __P4IN = 0x1c
                0x0000001d                __P4OUT = 0x1d
                0x0000001e                __P4DIR = 0x1e
                0x0000001f                __P4SEL = 0x1f
                0x00000011                __P4REN = 0x11
                0x00000030                __P5IN = 0x30
                0x00000031                __P5OUT = 0x31
                0x00000032                __P5DIR = 0x32
                0x00000033                __P5SEL = 0x33
                0x00000012                __P5REN = 0x12
                0x00000034                __P6IN = 0x34
                0x00000035                __P6OUT = 0x35
                0x00000036                __P6DIR = 0x36
                0x00000037                __P6SEL = 0x37
                0x00000013                __P6REN = 0x13
                0x00000038                __P7IN = 0x38
                0x0000003a                __P7OUT = 0x3a
                0x0000003c                __P7DIR = 0x3c
                0x0000003e                __P7SEL = 0x3e
                0x00000014                __P7REN = 0x14
                0x00000039                __P8IN = 0x39
                0x0000003b                __P8OUT = 0x3b
                0x0000003d                __P8DIR = 0x3d
                0x0000003f                __P8SEL = 0x3f
                0x00000015                __P8REN = 0x15
                0x00000038                __PAIN = 0x38
                0x0000003a                __PAOUT = 0x3a
                0x0000003c                __PADIR = 0x3c
                0x0000003e                __PASEL = 0x3e
                0x00000014                __PAREN = 0x14
                0x00000055                __SVSCTL = 0x55
                0x0000012e                __TAIV = 0x12e
                0x00000160                __TACTL = 0x160
                0x00000162                __TACCTL0 = 0x162
                0x00000164                __TACCTL1 = 0x164
                0x00000166                __TACCTL2 = 0x166
                0x00000170                __TAR = 0x170
                0x00000172                __TACCR0 = 0x172
                0x00000174                __TACCR1 = 0x174
                0x00000176                __TACCR2 = 0x176
                0x0000011e                __TBIV = 0x11e
                0x00000180                __TBCTL = 0x180
                0x00000182                __TBCCTL0 = 0x182
                0x00000184                __TBCCTL1 = 0x184
                0x00000186                __TBCCTL2 = 0x186
                0x00000188                __TBCCTL3 = 0x188
                0x0000018a                __TBCCTL4 = 0x18a
                0x0000018c                __TBCCTL5 = 0x18c
                0x0000018e                __TBCCTL6 = 0x18e
                0x00000190                __TBR = 0x190
                0x00000192                __TBCCR0 = 0x192
                0x00000194                __TBCCR1 = 0x194
                0x00000196                __TBCCR2 = 0x196
                0x00000198                __TBCCR3 = 0x198
                0x0000019a                __TBCCR4 = 0x19a
                0x0000019c                __TBCCR5 = 0x19c
                0x0000019e                __TBCCR6 = 0x19e
                0x00000060                __UCA0CTL0 = 0x60
                0x00000061                __UCA0CTL1 = 0x61
                0x00000062                __UCA0BR0 = 0x62
                0x00000063                __UCA0BR1 = 0x63
                0x00000064                __UCA0MCTL = 0x64
                0x00000065                __UCA0STAT = 0x65
                0x00000066                __UCA0RXBUF = 0x66
                0x00000067                __UCA0TXBUF = 0x67
                0x0000005d                __UCA0ABCTL = 0x5d
                0x0000005e                __UCA0IRTCTL = 0x5e
                0x0000005f                __UCA0IRRCTL = 0x5f
                0x00000068                __UCB0CTL0 = 0x68
                0x00000069                __UCB0CTL1 = 0x69
                0x0000006a                __UCB0BR0 = 0x6a
                0x0000006b                __UCB0BR1 = 0x6b
                0x0000006c                __UCB0I2CIE = 0x6c
                0x0000006d                __UCB0STAT = 0x6d
                0x0000006e                __UCB0RXBUF = 0x6e
                0x0000006f                __UCB0TXBUF = 0x6f
                0x00000118                __UCB0I2COA = 0x118
                0x0000011a                __UCB0I2CSA = 0x11a
                0x000000d0                __UCA1CTL0 = 0xd0
                0x000000d1                __UCA1CTL1 = 0xd1
                0x000000d2                __UCA1BR0 = 0xd2
                0x000000d3                __UCA1BR1 = 0xd3
                0x000000d4                __UCA1MCTL = 0xd4
                0x000000d5                __UCA1STAT = 0xd5
                0x000000d6                __UCA1RXBUF = 0xd6
                0x000000d7                __UCA1TXBUF = 0xd7
                0x000000cd                __UCA1ABCTL = 0xcd
                0x000000ce                __UCA1IRTCTL = 0xce
                0x000000cf                __UCA1IRRCTL = 0xcf
                0x000000d8                __UCB1CTL0 = 0xd8
                0x000000d9                __UCB1CTL1 = 0xd9
                0x000000da                __UCB1BR0 = 0xda
                0x000000db                __UCB1BR1 = 0xdb
                0x000000dc                __UCB1I2CIE = 0xdc
                0x000000dd                __UCB1STAT = 0xdd
                0x000000de                __UCB1RXBUF = 0xde
                0x000000df                __UCB1TXBUF = 0xdf
                0x0000017c                __UCB1I2COA = 0x17c
                0x0000017e                __UCB1I2CSA = 0x17e
                0x00000120                __WDTCTL = 0x120
                0x000010c0                __TLV_CHECKSUM = 0x10c0
                0x000010f6                __TLV_DCO_30_TAG = 0x10f6
                0x000010f7                __TLV_DCO_30_LEN = 0x10f7
                0x000010da                __TLV_ADC12_1_TAG = 0x10da
                0x000010db                __TLV_ADC12_1_LEN = 0x10db
                0x000010f8                __CALDCO_16MHZ = 0x10f8
                0x000010f9                __CALBC1_16MHZ = 0x10f9
                0x000010fa                __CALDCO_12MHZ = 0x10fa
                0x000010fb                __CALBC1_12MHZ = 0x10fb
                0x000010fc                __CALDCO_8MHZ = 0x10fc
                0x000010fd                __CALBC1_8MHZ = 0x10fd
                0x000010fe                __CALDCO_1MHZ = 0x10fe
                0x000010ff                __CALBC1_1MHZ = 0x10ff

.hash
 *(.hash)

.dynsym
 *(.dynsym)

.dynstr
 *(.dynstr)

.gnu.version
 *(.gnu.version)

.gnu.version_d
 *(.gnu.version_d)

.gnu.version_r
 *(.gnu.version_r)

.rel.init
 *(.rel.init)

.rela.init
 *(.rela.init)

.rel.fini
 *(.rel.fini)

.rela.fini
 *(.rela.fini)

.rel.text
 *(.rel.text .rel.text.* .rel.gnu.linkonce.t.*)

.rela.text
 *(.rela.text .rela.text.* .rela.gnu.linkonce.t.*)

.rel.rodata
 *(.rel.rodata .rel.rodata.* .rel.gnu.linkonce.r.*)

.rela.rodata
 *(.rela.rodata .rela.rodata.* .rela.gnu.linkonce.r.*)

.rel.data
 *(.rel.data .rel.data.* .rel.gnu.linkonce.d.*)

.rela.data
 *(.rela.data .rela.data.* .rela.gnu.linkonce.d.*)

.rel.bss
 *(.rel.bss .rel.bss.* .rel.gnu.linkonce.b.*)

.rela.bss
 *(.rela.bss .rela.bss.* .rela.gnu.linkonce.b.*)

.rel.ctors
 *(.rel.ctors)

.rela.ctors
 *(.rela.ctors)

.rel.dtors
 *(.rel.dtors)

.rela.dtors
 *(.rela.dtors)

.rel.got
 *(.rel.got)

.rela.got
 *(.rela.got)

.rel.plt
 *(.rel.plt)

.rela.plt
 *(.rela.plt)

.text           0x00003100     0x4c32
                0x00003100                . = ALIGN (0x2)
 *(.init .init.*)
 *(.init0)
 .init0         0x00003100        0x0 /usr/local/msp430/bin/../lib/gcc/msp430/4.7.0/mcpu-430x/mmpy-16/msr20/mc20/libcrt0.a(_reset_vector__.o)
                0x00003100                _reset_vector__
 *(.init1)
 .init1         0x00003100        0xc /usr/local/msp430/bin/../lib/gcc/msp430/4.7.0/mcpu-430x/mmpy-16/msr20/mc20/libcrt0.a(__watchdog_support.o)
                0x00003100                __watchdog_support
 *(.init2)
 .init2         0x0000310c        0x4 /usr/local/msp430/bin/../lib/gcc/msp430/4.7.0/mcpu-430x/mmpy-16/msr20/mc20/libcrt0.a(__init_stack.o)
                0x0000310c                __init_stack
 *(.init3)
 .init3         0x00003110        0x0 /usr/local/msp430/bin/../lib/gcc/msp430/4.7.0/mcpu-430x/mmpy-16/msr20/mc20/libcrt0.a(__low_level_init.o)
                0x00003110                __low_level_init
 *(.init4)
 .init4         0x00003110       0x18 /usr/local/msp430/bin/../lib/gcc/msp430/4.7.0/mcpu-430x/mmpy-16/msr20/mc20/libcrt0.a(_copy_data.o)
                0x00003110                __do_copy_data
 .init4         0x00003128       0x16 /usr/local/msp430/bin/../lib/gcc/msp430/4.7.0/mcpu-430x/mmpy-16/msr20/mc20/libcrt0.a(_clear_bss.o)
                0x00003128                __do_clear_bss
 *(.init5)
 *(.init6)
 *(.init7)
 *(.init8)
 *(.init9)
 .init9         0x0000313e      0x31c obj_z1/contiki-z1-main.o
                0x0000313e                main
 *(.fini9)
 .fini9         0x0000345a        0x0 /usr/local/msp430/bin/../lib/gcc/msp430/4.7.0/mcpu-430x/mmpy-16/msr20/mc20/libcrt0.a(__stop_progExec__.o)
                0x0000345a                __stop_progExec__
 *(.fini8)
 *(.fini7)
 *(.fini6)
 *(.fini5)
 *(.fini4)
 *(.fini3)
 *(.fini2)
 *(.fini1)
 *(.fini0)
 .fini0         0x0000345a        0x6 /usr/local/msp430/bin/../lib/gcc/msp430/4.7.0/mcpu-430x/mmpy-16/msr20/mc20/libcrt0.a(_endless_loop__.o)
                0x0000345a                _endless_loop__
 *(.fini .fini.*)
                0x00003460                . = ALIGN (0x2)
                0x00003460                __ctors_start = .
 *(.ctors)
                0x00003460                __ctors_end = .
                0x00003460                __dtors_start = .
 *(.dtors)
                0x00003460                __dtors_end = .
                0x00003460                . = ALIGN (0x2)
 *(.text .text.* .gnu.linkonce.t.*)
 .text          0x00003460        0x4 /usr/local/msp430/bin/../lib/gcc/msp430/4.7.0/mcpu-430x/mmpy-16/msr20/mc20/crt0ivtbl32.o
                0x00003460                __isr_14
                0x00003460                __isr_4
                0x00003460                __isr_29
                0x00003460                __isr_11
                0x00003460                __isr_5
                0x00003460                __isr_2
                0x00003460                __isr_10
                0x00003460                __isr_7
                0x00003460                __isr_0
                0x00003460                __isr_28
                0x00003460                __isr_8
                0x00003460                __isr_20
                0x00003460                __isr_3
                0x00003460                __isr_12
                0x00003460                __isr_13
                0x00003460                __isr_27
                0x00003460                __isr_9
                0x00003460                __isr_30
                0x00003460                __isr_6
                0x00003460                __isr_22
                0x00003460                __isr_1
                0x00003460                __isr_15
                0x00003460                __isr_21
 .text.libgcc   0x00003464       0x26 /usr/local/msp430/bin/../lib/gcc/msp430/4.7.0/mcpu-430x/mmpy-16/msr20/mc20/libgcc.a(_mulsi3.o)
                0x00003464                __mulsi3
 .text.libgcc   0x0000348a       0x38 /usr/local/msp430/bin/../lib/gcc/msp430/4.7.0/mcpu-430x/mmpy-16/msr20/mc20/libgcc.a(_udivmod32.o)
                0x0000348a                __udivsi3
                0x0000348a                __ext_udivmod32
                0x000034b8                __umodsi3
 .text.libgcc   0x000034c2       0x22 /usr/local/msp430/bin/../lib/gcc/msp430/4.7.0/mcpu-430x/mmpy-16/msr20/mc20/libgcc.a(_udivmod16.o)
                0x000034c2                __udivhi3
                0x000034c2                __ext_udivmod16
                0x000034dc                __umodhi3
 .text.printf   0x000034e4       0x10 /usr/local/msp430/bin/../lib/gcc/msp430/4.7.0/../../../../msp430/lib/mcpu-430x/mmpy-16/msr20/mc20/libc.a(printf.o)
                0x000034e4                printf
 .text.append   0x000034f4       0x22 /usr/local/msp430/bin/../lib/gcc/msp430/4.7.0/../../../../msp430/lib/mcpu-430x/mmpy-16/msr20/mc20/libc.a(sprintf.o)
 .text.call_vuprintf
                0x00003516       0x36 /usr/local/msp430/bin/../lib/gcc/msp430/4.7.0/../../../../msp430/lib/mcpu-430x/mmpy-16/msr20/mc20/libc.a(sprintf.o)
 .text.snprintf
                0x0000354c       0x1c /usr/local/msp430/bin/../lib/gcc/msp430/4.7.0/../../../../msp430/lib/mcpu-430x/mmpy-16/msr20/mc20/libc.a(sprintf.o)
                0x0000354c                snprintf
 .text.print_field
                0x00003568      0x176 /usr/local/msp430/bin/../lib/gcc/msp430/4.7.0/../../../../msp430/lib/mcpu-430x/mmpy-16/msr20/mc20/libc.a(vuprintf.o)
 .text.vuprintf
                0x000036de      0x74c /usr/local/msp430/bin/../lib/gcc/msp430/4.7.0/../../../../msp430/lib/mcpu-430x/mmpy-16/msr20/mc20/libc.a(vuprintf.o)
                0x000036de                vuprintf
 .text.puts     0x00003e2a       0x2c /usr/local/msp430/bin/../lib/gcc/msp430/4.7.0/../../../../msp430/lib/mcpu-430x/mmpy-16/msr20/mc20/libc.a(puts.o)
                0x00003e2a                puts
 .text.rand     0x00003e56       0x26 /usr/local/msp430/bin/../lib/gcc/msp430/4.7.0/../../../../msp430/lib/mcpu-430x/mmpy-16/msr20/mc20/libc.a(rand.o)
                0x00003e56                rand
 .text.memcmp   0x00003e7c       0x2c /usr/local/msp430/bin/../lib/gcc/msp430/4.7.0/../../../../msp430/lib/mcpu-430x/mmpy-16/msr20/mc20/libc.a(memcmp.o)
                0x00003e7c                memcmp
 .text.memcpy   0x00003ea8       0xe8 /usr/local/msp430/bin/../lib/gcc/msp430/4.7.0/../../../../msp430/lib/mcpu-430x/mmpy-16/msr20/mc20/libc.a(memcpy.o)
                0x00003ea8                memcpy
 .text.memset   0x00003f90       0x5c /usr/local/msp430/bin/../lib/gcc/msp430/4.7.0/../../../../msp430/lib/mcpu-430x/mmpy-16/msr20/mc20/libc.a(memset.o)
                0x00003f90                memset
 .text.libgcc   0x00003fec       0xbc /usr/local/msp430/bin/../lib/gcc/msp430/4.7.0/mcpu-430x/mmpy-16/msr20/mc20/libgcc.a(_udivmod64.o)
                0x00003fec                __xabi_udivmod64
                0x0000403e                __udivdi3
                0x00004058                __umoddi3
                0x0000407a                __udivmoddi4
 .text.crt0     0x000040a8        0x2 /usr/local/msp430/bin/../lib/gcc/msp430/4.7.0/mcpu-430x/mmpy-16/msr20/mc20/libcrt0.a(_unexpected_.o)
                0x000040a8                _unexpected_
 *(.near.text .near.text.*)
 .near.text.watchdog_interrupt
                0x000040aa        0x6 contiki-z1.a(watchdog.o)
                0x000040aa                __isr_26
                0x000040aa                watchdog_interrupt
 .near.text.irq_p2
                0x000040b0       0x76 contiki-z1.a(button-sensor.o)
                0x000040b0                irq_p2
                0x000040b0                __isr_19
 .near.text.uart0_rx_interrupt
                0x00004126       0x64 contiki-z1.a(uart0.o)
                0x00004126                __isr_23
                0x00004126                uart0_rx_interrupt
 .near.text.i2c_tx_interrupt
                0x0000418a       0x84 contiki-z1.a(i2cmaster.o)
                0x0000418a                __isr_16
                0x0000418a                i2c_tx_interrupt
 .near.text.i2c_rx_interrupt
                0x0000420e       0x14 contiki-z1.a(i2cmaster.o)
                0x0000420e                i2c_rx_interrupt
                0x0000420e                __isr_17
 .near.text.port1_isr
                0x00004222       0xbe contiki-z1.a(adxl345.o)
                0x00004222                port1_isr
                0x00004222                __isr_18
 .near.text.timera1
                0x000042e0      0x10a contiki-z1.a(clock.o)
                0x000042e0                __isr_24
                0x000042e0                timera1
 .near.text.timera0
                0x000043ea       0x5c contiki-z1.a(rtimer-arch.o)
                0x000043ea                __isr_25
                0x000043ea                timera0
 .any.text.process_thread_example_broadcast_process
                0x00004446      0x112 temp_send_lab1.co
 .any.text.broadcast_recv
                0x00004558       0x22 temp_send_lab1.co
 .any.text.init_platform
                0x0000457a        0xc contiki-z1.a(contiki-z1-plat)
                0x0000457a                init_platform
 .any.text.msp430_init_dco
                0x00004586       0x28 contiki-z1.a(msp430.o)
                0x00004586                msp430_init_dco
 .any.text.splhigh_
                0x000045ae        0x8 contiki-z1.a(msp430.o)
                0x000045ae                splhigh_
 .any.text.msp430_sync_dco
                0x000045b6       0x6e contiki-z1.a(msp430.o)
                0x000045b6                msp430_sync_dco
 .any.text.msp430_cpu_init
                0x00004624       0x2a contiki-z1.a(msp430.o)
                0x00004624                msp430_cpu_init
 .any.text.show_leds
                0x0000464e       0xe8 contiki-z1.a(leds.o)
 .any.text.leds_init
                0x00004736        0xa contiki-z1.a(leds.o)
                0x00004736                leds_init
 .any.text.leds_on
                0x00004740        0xa contiki-z1.a(leds.o)
                0x00004740                leds_on
 .any.text.leds_off
                0x0000474a        0xe contiki-z1.a(leds.o)
                0x0000474a                leds_off
 .any.text.watchdog_start
                0x00004758       0x14 contiki-z1.a(watchdog.o)
                0x00004758                watchdog_start
 .any.text.watchdog_periodic
                0x0000476c       0x12 contiki-z1.a(watchdog.o)
                0x0000476c                watchdog_periodic
 .any.text.watchdog_stop
                0x0000477e       0x16 contiki-z1.a(watchdog.o)
                0x0000477e                watchdog_stop
 .any.text.watchdog_init
                0x00004794       0x12 contiki-z1.a(watchdog.o)
                0x00004794                watchdog_init
 .any.text.wait_ready
                0x000047a6       0x46 contiki-z1.a(xmem.o)
 .any.text.xmem_init
                0x000047ec       0x1e contiki-z1.a(xmem.o)
                0x000047ec                xmem_init
 .any.text.xmem_pread
                0x0000480a       0xc2 contiki-z1.a(xmem.o)
                0x0000480a                xmem_pread
 .any.text.spi_init
                0x000048cc       0x32 contiki-z1.a(spi.o)
                0x000048cc                spi_init
 .any.text.get_object
                0x000048fe        0x4 contiki-z1.a(cc2420.o)
 .any.text.set_object
                0x00004902        0x4 contiki-z1.a(cc2420.o)
 .any.text.strobe
                0x00004906       0x1a contiki-z1.a(cc2420.o)
 .any.text.getreg
                0x00004920       0x46 contiki-z1.a(cc2420.o)
 .any.text.setreg
                0x00004966       0x44 contiki-z1.a(cc2420.o)
 .any.text.write_ram
                0x000049aa       0x72 contiki-z1.a(cc2420.o)
 .any.text.write_fifo_buf
                0x00004a1c       0x38 contiki-z1.a(cc2420.o)
 .any.text.get_status
                0x00004a54       0x1e contiki-z1.a(cc2420.o)
 .any.text.set_txpower
                0x00004a72       0x24 contiki-z1.a(cc2420.o)
 .any.text.cc2420_receiving_packet
                0x00004a96        0xa contiki-z1.a(cc2420.o)
 .any.text.pending_packet
                0x00004aa0        0xa contiki-z1.a(cc2420.o)
 .any.text.on   0x00004aaa       0x1e contiki-z1.a(cc2420.o)
 .any.text.wait_for_transmission
                0x00004ac8       0x22 contiki-z1.a(cc2420.o)
 .any.text.wait_for_status
                0x00004aea       0x24 contiki-z1.a(cc2420.o)
 .any.text.getrxdata
                0x00004b0e       0x4c contiki-z1.a(cc2420.o)
 .any.text.flushrx
                0x00004b5a       0x1a contiki-z1.a(cc2420.o)
 .any.text.off  0x00004b74       0x52 contiki-z1.a(cc2420.o)
 .any.text.RELEASE_LOCK
                0x00004bc6       0x28 contiki-z1.a(cc2420.o)
 .any.text.cc2420_prepare
                0x00004bee       0x38 contiki-z1.a(cc2420.o)
 .any.text.cc2420_on
                0x00004c26       0x22 contiki-z1.a(cc2420.o)
                0x00004c26                cc2420_on
 .any.text.cc2420_off
                0x00004c48       0x30 contiki-z1.a(cc2420.o)
                0x00004c48                cc2420_off
 .any.text.cc2420_cca
                0x00004c78       0x54 contiki-z1.a(cc2420.o)
 .any.text.cc2420_read
                0x00004ccc       0xa8 contiki-z1.a(cc2420.o)
 .any.text.process_thread_cc2420_process
                0x00004d74       0x54 contiki-z1.a(cc2420.o)
 .any.text.cc2420_set_channel
                0x00004dc8       0x3a contiki-z1.a(cc2420.o)
                0x00004dc8                cc2420_set_channel
 .any.text.cc2420_set_pan_addr
                0x00004e02       0x4c contiki-z1.a(cc2420.o)
                0x00004e02                cc2420_set_pan_addr
 .any.text.cc2420_interrupt
                0x00004e4e       0x16 contiki-z1.a(cc2420.o)
                0x00004e4e                cc2420_interrupt
 .any.text.cc2420_set_txpower
                0x00004e64        0xe contiki-z1.a(cc2420.o)
                0x00004e64                cc2420_set_txpower
 .any.text.cc2420_get_txpower
                0x00004e72       0x1e contiki-z1.a(cc2420.o)
                0x00004e72                cc2420_get_txpower
 .any.text.cc2420_transmit
                0x00004e90      0x124 contiki-z1.a(cc2420.o)
 .any.text.cc2420_send
                0x00004fb4       0x12 contiki-z1.a(cc2420.o)
 .any.text.cc2420_rssi
                0x00004fc6       0x48 contiki-z1.a(cc2420.o)
                0x00004fc6                cc2420_rssi
 .any.text.get_value
                0x0000500e       0xa8 contiki-z1.a(cc2420.o)
 .any.text.cc2420_set_cca_threshold
                0x000050b6       0x16 contiki-z1.a(cc2420.o)
                0x000050b6                cc2420_set_cca_threshold
 .any.text.set_value
                0x000050cc       0x80 contiki-z1.a(cc2420.o)
 .any.text.cc2420_init
                0x0000514c       0xd8 contiki-z1.a(cc2420.o)
                0x0000514c                cc2420_init
 .any.text.cc2420_arch_init
                0x00005224       0x1a contiki-z1.a(cc2420-arch.o)
                0x00005224                cc2420_arch_init
 .any.text.node_id_restore
                0x0000523e       0x4c contiki-z1.a(node-id.o)
                0x0000523e                node_id_restore
 .any.text.process_thread_sensors_process
                0x0000528a       0xc2 contiki-z1.a(sensors.o)
 .any.text.sensors_changed
                0x0000534c       0x2a contiki-z1.a(sensors.o)
                0x0000534c                sensors_changed
 .any.text.status
                0x00005376       0x18 contiki-z1.a(button-sensor.o)
 .any.text.value
                0x0000538e       0x20 contiki-z1.a(button-sensor.o)
 .any.text.configure
                0x000053ae       0x4e contiki-z1.a(button-sensor.o)
 .any.text.uart0_active
                0x000053fc        0xe contiki-z1.a(uart0.o)
                0x000053fc                uart0_active
 .any.text.uart0_set_input
                0x0000540a        0x6 contiki-z1.a(uart0.o)
                0x0000540a                uart0_set_input
 .any.text.uart0_writeb
                0x00005410       0x16 contiki-z1.a(uart0.o)
                0x00005410                uart0_writeb
 .any.text.uart0_init
                0x00005426       0x40 contiki-z1.a(uart0.o)
                0x00005426                uart0_init
 .any.text.putchar
                0x00005466       0x10 contiki-z1.a(uart0-putchar.o)
                0x00005466                putchar
 .any.text.tmp102_init
                0x00005476       0x2e contiki-z1.a(tmp102.o)
                0x00005476                tmp102_init
 .any.text.tmp102_read_reg
                0x000054a4       0x5e contiki-z1.a(tmp102.o)
                0x000054a4                tmp102_read_reg
 .any.text.tmp102_read_temp_raw
                0x00005502        0x8 contiki-z1.a(tmp102.o)
                0x00005502                tmp102_read_temp_raw
 .any.text.i2c_receiveinit
                0x0000550a       0x36 contiki-z1.a(i2cmaster.o)
                0x0000550a                i2c_receiveinit
 .any.text.i2c_transmitinit
                0x00005540       0x30 contiki-z1.a(i2cmaster.o)
                0x00005540                i2c_transmitinit
 .any.text.i2c_receive_n
                0x00005570       0x3e contiki-z1.a(i2cmaster.o)
                0x00005570                i2c_receive_n
 .any.text.i2c_busy
                0x000055ae        0xa contiki-z1.a(i2cmaster.o)
                0x000055ae                i2c_busy
 .any.text.i2c_enable
                0x000055b8       0x22 contiki-z1.a(i2cmaster.o)
                0x000055b8                i2c_enable
 .any.text.i2c_transmit_n
                0x000055da       0x14 contiki-z1.a(i2cmaster.o)
                0x000055da                i2c_transmit_n
 .any.text.accm_write_reg
                0x000055ee       0x2e contiki-z1.a(adxl345.o)
                0x000055ee                accm_write_reg
 .any.text.accm_write_stream
                0x0000561c       0x2a contiki-z1.a(adxl345.o)
                0x0000561c                accm_write_stream
 .any.text.accm_read_reg
                0x00005646       0x54 contiki-z1.a(adxl345.o)
                0x00005646                accm_read_reg
 .any.text.process_thread_accmeter_process
                0x0000569a       0x56 contiki-z1.a(adxl345.o)
 .any.text.accm_init
                0x000056f0       0x8c contiki-z1.a(adxl345.o)
                0x000056f0                accm_init
 .any.text.clock_time
                0x0000577c       0x1a contiki-z1.a(clock.o)
                0x0000577c                clock_time
 .any.text.clock_init
                0x00005796       0x28 contiki-z1.a(clock.o)
                0x00005796                clock_init
 .any.text.clock_delay
                0x000057be        0xc contiki-z1.a(clock.o)
                0x000057be                clock_delay
 .any.text.clock_wait
                0x000057ca       0x24 contiki-z1.a(clock.o)
                0x000057ca                clock_wait
 .any.text.leds_arch_init
                0x000057ee        0xe contiki-z1.a(leds-arch.o)
                0x000057ee                leds_arch_init
 .any.text.leds_arch_set
                0x000057fc       0x38 contiki-z1.a(leds-arch.o)
                0x000057fc                leds_arch_set
 .any.text.rtimer_arch_init
                0x00005834        0xe contiki-z1.a(rtimer-arch.o)
                0x00005834                rtimer_arch_init
 .any.text.rtimer_arch_now
                0x00005842        0xe contiki-z1.a(rtimer-arch.o)
                0x00005842                rtimer_arch_now
 .any.text.rtimer_arch_schedule
                0x00005850        0x6 contiki-z1.a(rtimer-arch.o)
                0x00005850                rtimer_arch_schedule
 .any.text.autostart_start
                0x00005856       0x16 contiki-z1.a(autostart.o)
                0x00005856                autostart_start
 .any.text.process_thread_ctimer_process
                0x0000586c       0xa0 contiki-z1.a(ctimer.o)
 .any.text.ctimer_init
                0x0000590c       0x18 contiki-z1.a(ctimer.o)
                0x0000590c                ctimer_init
 .any.text.ctimer_set
                0x00005924       0x48 contiki-z1.a(ctimer.o)
                0x00005924                ctimer_set
 .any.text.ctimer_stop
                0x0000596c       0x28 contiki-z1.a(ctimer.o)
                0x0000596c                ctimer_stop
 .any.text.energest_init
                0x00005994       0x24 contiki-z1.a(energest.o)
                0x00005994                energest_init
 .any.text.energest_type_time
                0x000059b8       0x3c contiki-z1.a(energest.o)
                0x000059b8                energest_type_time
 .any.text.energest_type_set
                0x000059f4        0xc contiki-z1.a(energest.o)
                0x000059f4                energest_type_set
 .any.text.energest_flush
                0x00005a00       0x38 contiki-z1.a(energest.o)
                0x00005a00                energest_flush
 .any.text.update_time
                0x00005a38       0x70 contiki-z1.a(etimer.o)
 .any.text.etimer_request_poll
                0x00005aa8        0xa contiki-z1.a(etimer.o)
                0x00005aa8                etimer_request_poll
 .any.text.process_thread_etimer_process
                0x00005ab2       0xc4 contiki-z1.a(etimer.o)
 .any.text.add_timer
                0x00005b76       0x40 contiki-z1.a(etimer.o)
 .any.text.etimer_set
                0x00005bb6       0x12 contiki-z1.a(etimer.o)
                0x00005bb6                etimer_set
 .any.text.etimer_expired
                0x00005bc8        0xe contiki-z1.a(etimer.o)
                0x00005bc8                etimer_expired
 .any.text.etimer_pending
                0x00005bd6        0xc contiki-z1.a(etimer.o)
                0x00005bd6                etimer_pending
 .any.text.etimer_next_expiration_time
                0x00005be2       0x16 contiki-z1.a(etimer.o)
                0x00005be2                etimer_next_expiration_time
 .any.text.etimer_stop
                0x00005bf8       0x3e contiki-z1.a(etimer.o)
                0x00005bf8                etimer_stop
 .any.text.call_process
                0x00005c36       0x40 contiki-z1.a(process.o)
 .any.text.exit_process
                0x00005c76       0x88 contiki-z1.a(process.o)
 .any.text.do_poll
                0x00005cfe       0x30 contiki-z1.a(process.o)
 .any.text.process_alloc_event
                0x00005d2e        0xe contiki-z1.a(process.o)
                0x00005d2e                process_alloc_event
 .any.text.process_init
                0x00005d3c       0x1c contiki-z1.a(process.o)
                0x00005d3c                process_init
 .any.text.process_run
                0x00005d58       0xa4 contiki-z1.a(process.o)
                0x00005d58                process_run
 .any.text.process_nevents
                0x00005dfc        0xe contiki-z1.a(process.o)
                0x00005dfc                process_nevents
 .any.text.process_post
                0x00005e0a       0x50 contiki-z1.a(process.o)
                0x00005e0a                process_post
 .any.text.process_post_synch
                0x00005e5a       0x12 contiki-z1.a(process.o)
                0x00005e5a                process_post_synch
 .any.text.process_start
                0x00005e6c       0x36 contiki-z1.a(process.o)
                0x00005e6c                process_start
 .any.text.process_poll
                0x00005ea2       0x18 contiki-z1.a(process.o)
                0x00005ea2                process_poll
 .any.text.rtimer_init
                0x00005eba        0x6 contiki-z1.a(rtimer.o)
                0x00005eba                rtimer_init
 .any.text.rtimer_set
                0x00005ec0       0x24 contiki-z1.a(rtimer.o)
                0x00005ec0                rtimer_set
 .any.text.rtimer_run_next
                0x00005ee4       0x26 contiki-z1.a(rtimer.o)
                0x00005ee4                rtimer_run_next
 .any.text.timer_set
                0x00005f0a       0x1c contiki-z1.a(timer.o)
                0x00005f0a                timer_set
 .any.text.timer_expired
                0x00005f26       0x2a contiki-z1.a(timer.o)
                0x00005f26                timer_expired
 .any.text.process_thread_serial_line_process
                0x00005f50       0x9e contiki-z1.a(serial-line.o)
 .any.text.serial_line_input_byte
                0x00005fee       0x4a contiki-z1.a(serial-line.o)
                0x00005fee                serial_line_input_byte
 .any.text.serial_line_init
                0x00006038       0x1c contiki-z1.a(serial-line.o)
                0x00006038                serial_line_init
 .any.text.list_init
                0x00006054        0x6 contiki-z1.a(list.o)
                0x00006054                list_init
 .any.text.list_head
                0x0000605a        0x4 contiki-z1.a(list.o)
                0x0000605a                list_head
 .any.text.list_tail
                0x0000605e       0x12 contiki-z1.a(list.o)
                0x0000605e                list_tail
 .any.text.list_remove
                0x00006070       0x34 contiki-z1.a(list.o)
                0x00006070                list_remove
 .any.text.list_push
                0x000060a4       0x16 contiki-z1.a(list.o)
                0x000060a4                list_push
 .any.text.list_add
                0x000060ba       0x26 contiki-z1.a(list.o)
                0x000060ba                list_add
 .any.text.list_length
                0x000060e0       0x10 contiki-z1.a(list.o)
                0x000060e0                list_length
 .any.text.list_item_next
                0x000060f0        0xc contiki-z1.a(list.o)
                0x000060f0                list_item_next
 .any.text.random_rand
                0x000060fc        0x6 contiki-z1.a(random.o)
                0x000060fc                random_rand
 .any.text.ringbuf_init
                0x00006102       0x14 contiki-z1.a(ringbuf.o)
                0x00006102                ringbuf_init
 .any.text.ringbuf_put
                0x00006116       0x38 contiki-z1.a(ringbuf.o)
                0x00006116                ringbuf_put
 .any.text.ringbuf_get
                0x0000614e       0x2e contiki-z1.a(ringbuf.o)
                0x0000614e                ringbuf_get
 .any.text.sent_by_abc
                0x0000617c       0x10 contiki-z1.a(broadcast.o)
 .any.text.recv_from_abc
                0x0000618c       0x26 contiki-z1.a(broadcast.o)
 .any.text.broadcast_open
                0x000061b2       0x22 contiki-z1.a(broadcast.o)
                0x000061b2                broadcast_open
 .any.text.broadcast_close
                0x000061d4        0x6 contiki-z1.a(broadcast.o)
                0x000061d4                broadcast_close
 .any.text.broadcast_send
                0x000061da       0x1a contiki-z1.a(broadcast.o)
                0x000061da                broadcast_send
 .any.text.channel_init
                0x000061f4        0xa contiki-z1.a(channel.o)
                0x000061f4                channel_init
 .any.text.channel_open
                0x000061fe       0x10 contiki-z1.a(channel.o)
                0x000061fe                channel_open
 .any.text.channel_close
                0x0000620e        0xc contiki-z1.a(channel.o)
                0x0000620e                channel_close
 .any.text.channel_lookup
                0x0000621a       0x20 contiki-z1.a(channel.o)
                0x0000621a                channel_lookup
 .any.text.channel_set_attributes
                0x0000623a       0x20 contiki-z1.a(channel.o)
                0x0000623a                channel_set_attributes
 .any.text.input
                0x0000625a       0x36 contiki-z1.a(rime.o)
 .any.text.init
                0x00006290       0x2e contiki-z1.a(rime.o)
 .any.text.packet_sent
                0x000062be       0x38 contiki-z1.a(rime.o)
 .any.text.rime_output
                0x000062f6       0x24 contiki-z1.a(rime.o)
                0x000062f6                rime_output
 .any.text.linkaddr_copy
                0x0000631a        0xc contiki-z1.a(linkaddr.o)
                0x0000631a                linkaddr_copy
 .any.text.linkaddr_cmp
                0x00006326       0x12 contiki-z1.a(linkaddr.o)
                0x00006326                linkaddr_cmp
 .any.text.linkaddr_set_node_addr
                0x00006338        0xc contiki-z1.a(linkaddr.o)
                0x00006338                linkaddr_set_node_addr
 .any.text.packetbuf_compact
                0x00006344       0x2e contiki-z1.a(packetbuf.o)
                0x00006344                packetbuf_compact
 .any.text.packetbuf_copyto
                0x00006372       0x46 contiki-z1.a(packetbuf.o)
                0x00006372                packetbuf_copyto
 .any.text.packetbuf_hdrreduce
                0x000063b8       0x1a contiki-z1.a(packetbuf.o)
                0x000063b8                packetbuf_hdrreduce
 .any.text.packetbuf_set_datalen
                0x000063d2        0x6 contiki-z1.a(packetbuf.o)
                0x000063d2                packetbuf_set_datalen
 .any.text.packetbuf_dataptr
                0x000063d8        0xe contiki-z1.a(packetbuf.o)
                0x000063d8                packetbuf_dataptr
 .any.text.packetbuf_hdrptr
                0x000063e6        0xa contiki-z1.a(packetbuf.o)
                0x000063e6                packetbuf_hdrptr
 .any.text.packetbuf_datalen
                0x000063f0        0x6 contiki-z1.a(packetbuf.o)
                0x000063f0                packetbuf_datalen
 .any.text.packetbuf_hdrlen
                0x000063f6       0x10 contiki-z1.a(packetbuf.o)
                0x000063f6                packetbuf_hdrlen
 .any.text.packetbuf_totlen
                0x00006406        0xc contiki-z1.a(packetbuf.o)
                0x00006406                packetbuf_totlen
 .any.text.packetbuf_hdralloc
                0x00006412       0x2a contiki-z1.a(packetbuf.o)
                0x00006412                packetbuf_hdralloc
 .any.text.packetbuf_attr_clear
                0x0000643c       0x2c contiki-z1.a(packetbuf.o)
                0x0000643c                packetbuf_attr_clear
 .any.text.packetbuf_clear
                0x00006468       0x1a contiki-z1.a(packetbuf.o)
                0x00006468                packetbuf_clear
 .any.text.packetbuf_copyfrom
                0x00006482       0x2a contiki-z1.a(packetbuf.o)
                0x00006482                packetbuf_copyfrom
 .any.text.packetbuf_attr_copyto
                0x000064ac       0x20 contiki-z1.a(packetbuf.o)
                0x000064ac                packetbuf_attr_copyto
 .any.text.packetbuf_attr_copyfrom
                0x000064cc       0x22 contiki-z1.a(packetbuf.o)
                0x000064cc                packetbuf_attr_copyfrom
 .any.text.packetbuf_holds_broadcast
                0x000064ee        0xe contiki-z1.a(packetbuf.o)
                0x000064ee                packetbuf_holds_broadcast
 .any.text.queuebuf_init
                0x000064fc       0x12 contiki-z1.a(queuebuf.o)
                0x000064fc                queuebuf_init
 .any.text.queuebuf_new_from_packetbuf
                0x0000650e       0x4e contiki-z1.a(queuebuf.o)
                0x0000650e                queuebuf_new_from_packetbuf
 .any.text.queuebuf_update_attr_from_packetbuf
                0x0000655c       0x12 contiki-z1.a(queuebuf.o)
                0x0000655c                queuebuf_update_attr_from_packetbuf
 .any.text.queuebuf_update_from_packetbuf
                0x0000656e       0x22 contiki-z1.a(queuebuf.o)
                0x0000656e                queuebuf_update_from_packetbuf
 .any.text.queuebuf_free
                0x00006590       0x2a contiki-z1.a(queuebuf.o)
                0x00006590                queuebuf_free
 .any.text.queuebuf_to_packetbuf
                0x000065ba       0x32 contiki-z1.a(queuebuf.o)
                0x000065ba                queuebuf_to_packetbuf
 .any.text.queuebuf_attr
                0x000065ec        0xe contiki-z1.a(queuebuf.o)
                0x000065ec                queuebuf_attr
 .any.text.input_packet
                0x000065fa        0x6 contiki-z1.a(csma.o)
 .any.text.on   0x00006600        0x6 contiki-z1.a(csma.o)
 .any.text.off  0x00006606        0x6 contiki-z1.a(csma.o)
 .any.text.channel_check_interval
                0x0000660c       0x10 contiki-z1.a(csma.o)
 .any.text.transmit_packet_list
                0x0000661c       0x24 contiki-z1.a(csma.o)
 .any.text.init
                0x00006640       0x1a contiki-z1.a(csma.o)
 .any.text.send_packet
                0x0000665a      0x178 contiki-z1.a(csma.o)
 .any.text.free_packet
                0x000067d2       0x90 contiki-z1.a(csma.o)
 .any.text.packet_sent
                0x00006862      0x112 contiki-z1.a(csma.o)
 .any.text.mac_call_sent_callback
                0x00006974       0x14 contiki-z1.a(mac.o)
                0x00006974                mac_call_sent_callback
 .any.text.duty_cycle
                0x00006988        0x6 contiki-z1.a(contikimac.o)
 .any.text.init
                0x0000698e       0x2a contiki-z1.a(contikimac.o)
 .any.text.on   0x000069b8       0x1a contiki-z1.a(contikimac.o)
 .any.text.off  0x000069d2       0x22 contiki-z1.a(contikimac.o)
 .any.text.recv_burst_off
                0x000069f4        0xa contiki-z1.a(contikimac.o)
 .any.text.turn_off
                0x000069fe       0x20 contiki-z1.a(contikimac.o)
 .any.text.turn_on
                0x00006a1e       0x30 contiki-z1.a(contikimac.o)
 .any.text.schedule_powercycle_fixed.part.4
                0x00006a4e       0x34 contiki-z1.a(contikimac.o)
 .any.text.powercycle_turn_radio_off
                0x00006a82       0x30 contiki-z1.a(contikimac.o)
 .any.text.input_packet
                0x00006ab2       0xb6 contiki-z1.a(contikimac.o)
 .any.text.send_packet.isra.7
                0x00006b68      0x1f0 contiki-z1.a(contikimac.o)
 .any.text.qsend_list
                0x00006d58       0xb0 contiki-z1.a(contikimac.o)
 .any.text.qsend_packet
                0x00006e08       0x28 contiki-z1.a(contikimac.o)
 .any.text.powercycle
                0x00006e30      0x1d2 contiki-z1.a(contikimac.o)
 .any.text.hdr_length
                0x00007002        0x8 contiki-z1.a(contikimac-fram)
 .any.text.parse
                0x0000700a       0x3a contiki-z1.a(contikimac-fram)
 .any.text.create
                0x00007044       0x26 contiki-z1.a(contikimac-fram)
 .any.text.create_and_secure
                0x0000706a       0x62 contiki-z1.a(contikimac-fram)
 .any.text.bootstrap
                0x000070cc        0x4 contiki-z1.a(nullsec.o)
 .any.text.send
                0x000070d0        0xa contiki-z1.a(nullsec.o)
 .any.text.on_frame_created
                0x000070da        0x4 contiki-z1.a(nullsec.o)
 .any.text.input
                0x000070de        0x6 contiki-z1.a(nullsec.o)
 .any.text.get_overhead
                0x000070e4        0x4 contiki-z1.a(nullsec.o)
 .any.text.compower_accumulate
                0x000070e8       0x6a contiki-z1.a(compower.o)
                0x000070e8                compower_accumulate
 .any.text.compower_clear
                0x00007152       0x12 contiki-z1.a(compower.o)
                0x00007152                compower_clear
 .any.text.compower_attrconv
                0x00007164       0x10 contiki-z1.a(compower.o)
                0x00007164                compower_attrconv
 .any.text.memb_init
                0x00007174       0x36 contiki-z1.a(memb.o)
                0x00007174                memb_init
 .any.text.memb_alloc
                0x000071aa       0x3e contiki-z1.a(memb.o)
                0x000071aa                memb_alloc
 .any.text.memb_free
                0x000071e8       0x3a contiki-z1.a(memb.o)
                0x000071e8                memb_free
 .any.text.memb_inmemb
                0x00007222       0x2a contiki-z1.a(memb.o)
                0x00007222                memb_inmemb
 .any.text.abc_open
                0x0000724c       0x1e contiki-z1.a(abc.o)
                0x0000724c                abc_open
 .any.text.abc_close
                0x0000726a        0x6 contiki-z1.a(abc.o)
                0x0000726a                abc_close
 .any.text.abc_send
                0x00007270        0x6 contiki-z1.a(abc.o)
                0x00007270                abc_send
 .any.text.abc_input
                0x00007276        0xe contiki-z1.a(abc.o)
                0x00007276                abc_input
 .any.text.abc_sent
                0x00007284       0x10 contiki-z1.a(abc.o)
                0x00007284                abc_sent
 .any.text.announcement_init
                0x00007294        0xa contiki-z1.a(announcement.o)
                0x00007294                announcement_init
 .any.text.announcement_register_observer_callback
                0x0000729e        0x6 contiki-z1.a(announcement.o)
                0x0000729e                announcement_register_observer_callback
 .any.text.announcement_list
                0x000072a4        0xa contiki-z1.a(announcement.o)
                0x000072a4                announcement_list
 .any.text.announcement_heard
                0x000072ae       0x36 contiki-z1.a(announcement.o)
                0x000072ae                announcement_heard
 .any.text.adv_packet_sent
                0x000072e4        0x2 contiki-z1.a(broadcast-annou)
 .any.text.adv_packet_received
                0x000072e6       0x56 contiki-z1.a(broadcast-annou)
 .any.text.set_timers
                0x0000733c       0x4a contiki-z1.a(broadcast-annou)
 .any.text.send_timer
                0x00007386       0x32 contiki-z1.a(broadcast-annou)
 .any.text.send_adv
                0x000073b8       0x60 contiki-z1.a(broadcast-annou)
 .any.text.new_announcement
                0x00007418       0x18 contiki-z1.a(broadcast-annou)
 .any.text.broadcast_announcement_init
                0x00007430       0x44 contiki-z1.a(broadcast-annou)
                0x00007430                broadcast_announcement_init
 .any.text.chameleon_init
                0x00007474        0x6 contiki-z1.a(chameleon.o)
                0x00007474                chameleon_init
 .any.text.chameleon_parse
                0x0000747a       0x10 contiki-z1.a(chameleon.o)
                0x0000747a                chameleon_parse
 .any.text.chameleon_create
                0x0000748a       0x1c contiki-z1.a(chameleon.o)
                0x0000748a                chameleon_create
 .any.text.chameleon_hdrsize
                0x000074a6        0x6 contiki-z1.a(chameleon.o)
                0x000074a6                chameleon_hdrsize
 .any.text.create_frame.isra.0
                0x000074ac      0x100 contiki-z1.a(framer-802154.o)
 .any.text.create
                0x000075ac        0x8 contiki-z1.a(framer-802154.o)
 .any.text.hdr_length
                0x000075b4        0x8 contiki-z1.a(framer-802154.o)
 .any.text.parse
                0x000075bc       0xa4 contiki-z1.a(framer-802154.o)
 .any.text.framer_canonical_create_and_secure
                0x00007660       0x20 contiki-z1.a(framer.o)
                0x00007660                framer_canonical_create_and_secure
 .any.text.mac_sequence_is_duplicate
                0x00007680       0x36 contiki-z1.a(mac-sequence.o)
                0x00007680                mac_sequence_is_duplicate
 .any.text.mac_sequence_register_seqno
                0x000076b6       0x58 contiki-z1.a(mac-sequence.o)
                0x000076b6                mac_sequence_register_seqno
 .any.text.header_size
                0x0000770e       0x16 contiki-z1.a(chameleon-bitop)
 .any.text.get_bits_in_byte
                0x00007724       0x36 contiki-z1.a(chameleon-bitop)
                0x00007724                get_bits_in_byte
 .any.text.get_bits
                0x0000775a       0x8a contiki-z1.a(chameleon-bitop)
                0x0000775a                get_bits
 .any.text.unpack_header
                0x000077e4       0xb4 contiki-z1.a(chameleon-bitop)
 .any.text.set_bits_in_byte
                0x00007898       0x2a contiki-z1.a(chameleon-bitop)
                0x00007898                set_bits_in_byte
 .any.text.set_bits
                0x000078c2       0x98 contiki-z1.a(chameleon-bitop)
                0x000078c2                set_bits
 .any.text.pack_header
                0x0000795a       0xa0 contiki-z1.a(chameleon-bitop)
 .any.text.field_len
                0x000079fa       0x8c contiki-z1.a(frame802154.o)
 .any.text.frame802154_hdrlen
                0x00007a86       0x2e contiki-z1.a(frame802154.o)
                0x00007a86                frame802154_hdrlen
 .any.text.frame802154_create
                0x00007ab4      0x112 contiki-z1.a(frame802154.o)
                0x00007ab4                frame802154_create
 .any.text.frame802154_parse
                0x00007bc6      0x16c contiki-z1.a(frame802154.o)
                0x00007bc6                frame802154_parse

.rodata         0x00007d34      0x35e
                0x00007d34                . = ALIGN (0x2)
 *(.rodata .rodata.* .gnu.linkonce.r.*)
 .rodata.process_thread_example_broadcast_process
                0x00007d34       0x42 temp_send_lab1.co
 .rodata.broadcast_recv
                0x00007d76       0x30 temp_send_lab1.co
 .rodata.autostart_processes
                0x00007da6        0x4 temp_send_lab1.co
                0x00007da6                autostart_processes
 .rodata        0x00007daa       0x12 temp_send_lab1.co
 .rodata.broadcast_call
                0x00007dbc        0x8 temp_send_lab1.co
 .rodata        0x00007dc4      0x112 obj_z1/contiki-z1-main.o
 *fill*         0x00007ed6        0x2 00
 .rodata.get_value
                0x00007ed8       0x38 contiki-z1.a(cc2420.o)
 .rodata.cc2420_driver
                0x00007f10       0x38 contiki-z1.a(cc2420.o)
                0x00007f10                cc2420_driver
 .rodata        0x00007f48        0xe contiki-z1.a(cc2420.o)
 .rodata.output_power
                0x00007f56       0x10 contiki-z1.a(cc2420.o)
 .rodata        0x00007f66        0x8 contiki-z1.a(sensors.o)
 .rodata        0x00007f6e        0x7 contiki-z1.a(button-sensor.o)
 *fill*         0x00007f75        0x1 00
 .rodata.button_sensor
                0x00007f76        0xe contiki-z1.a(button-sensor.o)
                0x00007f76                button_sensor
 .rodata        0x00007f84       0x16 contiki-z1.a(adxl345.o)
 .rodata        0x00007f9a        0xf contiki-z1.a(ctimer.o)
 .rodata        0x00007fa9        0xc contiki-z1.a(etimer.o)
 .rodata        0x00007fb5        0xe contiki-z1.a(serial-line.o)
 *fill*         0x00007fc3        0x1 00
 .rodata.broadcast
                0x00007fc4        0x8 contiki-z1.a(broadcast.o)
 .rodata.attributes
                0x00007fcc        0x4 contiki-z1.a(broadcast.o)
 .rodata        0x00007fd0        0x5 contiki-z1.a(rime.o)
 *fill*         0x00007fd5        0x1 00
 .rodata.rime_driver
                0x00007fd6        0xa contiki-z1.a(rime.o)
                0x00007fd6                rime_driver
 .rodata.linkaddr_null
                0x00007fe0        0x2 contiki-z1.a(linkaddr.o)
                0x00007fe0                linkaddr_null
 .rodata        0x00007fe2        0x5 contiki-z1.a(csma.o)
 *fill*         0x00007fe7        0x1 00
 .rodata.csma_driver
                0x00007fe8       0x1a contiki-z1.a(csma.o)
                0x00007fe8                csma_driver
 .rodata        0x00008002        0xb contiki-z1.a(contikimac.o)
 *fill*         0x0000800d        0x1 00
 .rodata.contikimac_driver
                0x0000800e       0x1e contiki-z1.a(contikimac.o)
                0x0000800e                contikimac_driver
 .rodata.contikimac_framer
                0x0000802c       0x10 contiki-z1.a(contikimac-fram)
                0x0000802c                contikimac_framer
 .rodata        0x0000803c        0x8 contiki-z1.a(nullsec.o)
 .rodata.nullsec_driver
                0x00008044       0x16 contiki-z1.a(nullsec.o)
                0x00008044                nullsec_driver
 .rodata.attributes
                0x0000805a        0x2 contiki-z1.a(abc.o)
 .rodata.broadcast_callbacks
                0x0000805c        0x8 contiki-z1.a(broadcast-annou)
 .rodata.framer_802154
                0x00008064       0x10 contiki-z1.a(framer-802154.o)
                0x00008064                framer_802154
 .rodata.chameleon_bitopt
                0x00008074        0xc contiki-z1.a(chameleon-bitop)
                0x00008074                chameleon_bitopt
 .rodata.bitmask
                0x00008080        0x9 contiki-z1.a(chameleon-bitop)
 .rodata.CSWTCH.5
                0x00008089        0x2 contiki-z1.a(frame802154.o)
 .rodata.vuprintf
                0x0000808b        0x7 /usr/local/msp430/bin/../lib/gcc/msp430/4.7.0/../../../../msp430/lib/mcpu-430x/mmpy-16/msr20/mc20/libc.a(vuprintf.o)
 *(.near.rodata .near.rodata.*)
                0x00008092                . = ALIGN (0x2)
                0x00008092                _etext = .

.data           0x00001100       0x9e load address 0x00008092
                0x00001100                . = ALIGN (0x2)
                0x00001100                __data_start = .
 *(.data .data.* .gnu.linkonce.d.*)
 .data.example_broadcast_process
                0x00001100        0xc temp_send_lab1.co
                0x00001100                example_broadcast_process
 .data.sensors  0x0000110c        0x4 obj_z1/contiki-z1-main.o
                0x0000110c                sensors
 .data.cur_break
                0x00001110        0x2 contiki-z1.a(msp430.o)
 .data.cc2420_process
                0x00001112        0xc contiki-z1.a(cc2420.o)
                0x00001112                cc2420_process
 .data.sensors_process
                0x0000111e        0xc contiki-z1.a(sensors.o)
                0x0000111e                sensors_process
 .data.prescale_lsb
                0x0000112a        0x1 contiki-z1.a(i2cmaster.o)
                0x0000112a                prescale_lsb
 *fill*         0x0000112b        0x1 00
 .data.accmeter_process
                0x0000112c        0xc contiki-z1.a(adxl345.o)
                0x0000112c                accmeter_process
 .data.adxl345_default_settings
                0x00001138       0x16 contiki-z1.a(adxl345.o)
 .data.ctimer_process
                0x0000114e        0xc contiki-z1.a(ctimer.o)
                0x0000114e                ctimer_process
 .data.etimer_process
                0x0000115a        0xc contiki-z1.a(etimer.o)
                0x0000115a                etimer_process
 .data.serial_line_process
                0x00001166        0xc contiki-z1.a(serial-line.o)
                0x00001166                serial_line_process
 .data.buframmem
                0x00001172        0x8 contiki-z1.a(queuebuf.o)
 .data.bufmem   0x0000117a        0x8 contiki-z1.a(queuebuf.o)
 .data.neighbor_memb
                0x00001182        0x8 contiki-z1.a(csma.o)
 .data.packet_memb
                0x0000118a        0x8 contiki-z1.a(csma.o)
 .data.metadata_memb
                0x00001192        0x8 contiki-z1.a(csma.o)
 .data.next     0x0000119a        0x4 /usr/local/msp430/bin/../lib/gcc/msp430/4.7.0/../../../../msp430/lib/mcpu-430x/mmpy-16/msr20/mc20/libc.a(rand.o)
 *(.near.data .near.data.*)
                0x0000119e                . = ALIGN (0x2)
                0x0000119e                _edata = .
                0x00008092                __data_load_start = LOADADDR (.data)
                0x0000009e                __data_size = SIZEOF (.data)

.bss            0x0000119e      0xafe load address 0x00008130
                0x0000119e                __bss_start = .
 *(.bss .bss.*)
 .bss.broadcast
                0x0000119e        0xc temp_send_lab1.co
 .bss.et.3549   0x000011aa        0xc temp_send_lab1.co
 .bss.irq_energest.3897
                0x000011b6        0x4 obj_z1/contiki-z1-main.o
 .bss.leds      0x000011ba        0x1 contiki-z1.a(leds.o)
 *fill*         0x000011bb        0x1 00
 .bss.counter   0x000011bc        0x2 contiki-z1.a(watchdog.o)
 .bss.last_packet_timestamp
                0x000011be        0x2 contiki-z1.a(cc2420.o)
 .bss.receive_on
                0x000011c0        0x1 contiki-z1.a(cc2420.o)
 .bss.locked    0x000011c1        0x1 contiki-z1.a(cc2420.o)
 .bss.lock_off  0x000011c2        0x1 contiki-z1.a(cc2420.o)
 .bss.lock_on   0x000011c3        0x1 contiki-z1.a(cc2420.o)
 .bss.channel   0x000011c4        0x2 contiki-z1.a(cc2420.o)
 .bss.node_id   0x000011c6        0x2 contiki-z1.a(node-id.o)
                0x000011c6                node_id
 .bss.num_sensors
                0x000011c8        0x1 contiki-z1.a(sensors.o)
 *fill*         0x000011c9        0x1 00
 .bss.i.2078    0x000011ca        0x2 contiki-z1.a(sensors.o)
 .bss.events.2079
                0x000011cc        0x2 contiki-z1.a(sensors.o)
 .bss.debouncetimer
                0x000011ce        0x8 contiki-z1.a(button-sensor.o)
 .bss.transmitting
                0x000011d6        0x1 contiki-z1.a(uart0.o)
 *fill*         0x000011d7        0x1 00
 .bss.uart0_input_handler
                0x000011d8        0x4 contiki-z1.a(uart0.o)
 .bss._TMP102_STATUS
                0x000011dc        0x2 contiki-z1.a(tmp102.o)
 .bss.tx_byte_tot
                0x000011de        0x1 contiki-z1.a(i2cmaster.o)
 .bss.rx_byte_tot
                0x000011df        0x1 contiki-z1.a(i2cmaster.o)
 .bss.prescale_msb
                0x000011e0        0x1 contiki-z1.a(i2cmaster.o)
                0x000011e0                prescale_msb
 *fill*         0x000011e1        0x1 00
 .bss.int1_mask
                0x000011e2        0x2 contiki-z1.a(adxl345.o)
 .bss.int2_mask
                0x000011e4        0x2 contiki-z1.a(adxl345.o)
 .bss._ADXL345_STATUS
                0x000011e6        0x2 contiki-z1.a(adxl345.o)
 .bss.suppressTimer1
                0x000011e8        0x8 contiki-z1.a(adxl345.o)
 .bss.suppressTimer2
                0x000011f0        0x8 contiki-z1.a(adxl345.o)
 .bss.last_tar  0x000011f8        0x2 contiki-z1.a(clock.o)
 .bss.count     0x000011fa        0x4 contiki-z1.a(clock.o)
 .bss.seconds   0x000011fe        0x4 contiki-z1.a(clock.o)
 .bss.initialized
                0x00001202        0x1 contiki-z1.a(ctimer.o)
 *fill*         0x00001203        0x1 00
 .bss.ctimer_list_list
                0x00001204        0x2 contiki-z1.a(ctimer.o)
 .bss.timerlist
                0x00001206        0x2 contiki-z1.a(etimer.o)
 .bss.next_expiration
                0x00001208        0x4 contiki-z1.a(etimer.o)
 .bss.poll_requested
                0x0000120c        0x1 contiki-z1.a(process.o)
 *fill*         0x0000120d        0x1 00
 .bss.process_current
                0x0000120e        0x2 contiki-z1.a(process.o)
                0x0000120e                process_current
 .bss.process_list
                0x00001210        0x2 contiki-z1.a(process.o)
                0x00001210                process_list
 .bss.lastevent
                0x00001212        0x1 contiki-z1.a(process.o)
 .bss.fevent    0x00001213        0x1 contiki-z1.a(process.o)
 .bss.nevents   0x00001214        0x1 contiki-z1.a(process.o)
 *fill*         0x00001215        0x1 00
 .bss.events    0x00001216       0x30 contiki-z1.a(process.o)
 .bss.ev.1857   0x00001246        0x1 contiki-z1.a(process.o)
 *fill*         0x00001247        0x1 00
 .bss.data.1858
                0x00001248        0x2 contiki-z1.a(process.o)
 .bss.receiver.1859
                0x0000124a        0x2 contiki-z1.a(process.o)
 .bss.p.1860    0x0000124c        0x2 contiki-z1.a(process.o)
 .bss.snum.1875
                0x0000124e        0x1 contiki-z1.a(process.o)
 *fill*         0x0000124f        0x1 00
 .bss.next_rtimer
                0x00001250        0x2 contiki-z1.a(rtimer.o)
 .bss.overflow.2056
                0x00001252        0x1 contiki-z1.a(serial-line.o)
 *fill*         0x00001253        0x1 00
 .bss.rxbuf     0x00001254        0x6 contiki-z1.a(serial-line.o)
 .bss.ptr.2063  0x0000125a        0x2 contiki-z1.a(serial-line.o)
 .bss.buf.2062  0x0000125c       0x80 contiki-z1.a(serial-line.o)
 .bss.rxbuf_data
                0x000012dc       0x80 contiki-z1.a(serial-line.o)
 .bss.channel_list_list
                0x0000135c        0x2 contiki-z1.a(channel.o)
 .bss.sniffers_list
                0x0000135e        0x2 contiki-z1.a(rime.o)
 .bss.bufptr    0x00001360        0x2 contiki-z1.a(packetbuf.o)
 .bss.buflen    0x00001362        0x2 contiki-z1.a(packetbuf.o)
 .bss.hdrptr    0x00001364        0x1 contiki-z1.a(packetbuf.o)
 *fill*         0x00001365        0x1 00
 .bss.packetbufptr
                0x00001366        0x2 contiki-z1.a(packetbuf.o)
 .bss.packetbuf_aligned
                0x00001368       0xb0 contiki-z1.a(packetbuf.o)
 .bss.buframmem_memb_count
                0x00001418        0x8 contiki-z1.a(queuebuf.o)
 .bss.buframmem_memb_mem
                0x00001420      0x5f0 contiki-z1.a(queuebuf.o)
 .bss.bufmem_memb_count
                0x00001a10        0x8 contiki-z1.a(queuebuf.o)
 .bss.bufmem_memb_mem
                0x00001a18       0x10 contiki-z1.a(queuebuf.o)
 .bss.initialized.2880
                0x00001a28        0x1 contiki-z1.a(csma.o)
 *fill*         0x00001a29        0x1 00
 .bss.seqno.2881
                0x00001a2a        0x2 contiki-z1.a(csma.o)
 .bss.neighbor_list_list
                0x00001a2c        0x2 contiki-z1.a(csma.o)
 .bss.neighbor_memb_memb_count
                0x00001a2e        0x2 contiki-z1.a(csma.o)
 .bss.neighbor_memb_memb_mem
                0x00001a30       0x44 contiki-z1.a(csma.o)
 .bss.packet_memb_memb_count
                0x00001a74        0x8 contiki-z1.a(csma.o)
 .bss.packet_memb_memb_mem
                0x00001a7c       0x30 contiki-z1.a(csma.o)
 .bss.metadata_memb_memb_count
                0x00001aac        0x8 contiki-z1.a(csma.o)
 .bss.metadata_memb_memb_mem
                0x00001ab4       0x40 contiki-z1.a(csma.o)
 .bss.cycle_start
                0x00001af4        0x2 contiki-z1.a(contikimac.o)
 .bss.radio_is_on
                0x00001af6        0x1 contiki-z1.a(contikimac.o)
 .bss.we_are_sending
                0x00001af7        0x1 contiki-z1.a(contikimac.o)
 .bss.contikimac_keep_radio_on
                0x00001af8        0x1 contiki-z1.a(contikimac.o)
 .bss.contikimac_is_on
                0x00001af9        0x1 contiki-z1.a(contikimac.o)
 .bss.rt        0x00001afa        0x8 contiki-z1.a(contikimac.o)
 .bss.pt        0x00001b02        0x2 contiki-z1.a(contikimac.o)
 .bss.packet_seen.3618
                0x00001b04        0x1 contiki-z1.a(contikimac.o)
 .bss.count.3619
                0x00001b05        0x1 contiki-z1.a(contikimac.o)
 .bss.we_are_receiving_burst
                0x00001b06        0x2 contiki-z1.a(contikimac.o)
 .bss.start.3624
                0x00001b08        0x2 contiki-z1.a(contikimac.o)
 .bss.silence_periods.3625
                0x00001b0a        0x1 contiki-z1.a(contikimac.o)
 .bss.periods.3626
                0x00001b0b        0x1 contiki-z1.a(contikimac.o)
 .bss.ct.3698   0x00001b0c       0x16 contiki-z1.a(contikimac.o)
 .bss.current_packet
                0x00001b22        0x8 contiki-z1.a(contikimac.o)
 .bss.last_listen.2538
                0x00001b2a        0x4 contiki-z1.a(compower.o)
 .bss.last_transmit.2539
                0x00001b2e        0x4 contiki-z1.a(compower.o)
 .bss.announcements_list
                0x00001b32        0x2 contiki-z1.a(announcement.o)
 .bss.observer_callback
                0x00001b34        0x4 contiki-z1.a(announcement.o)
 .bss.c         0x00001b38       0x4a contiki-z1.a(broadcast-annou)
 .bss.initialized
                0x00001b82        0x1 contiki-z1.a(framer-802154.o)
 .bss.mac_dsn   0x00001b83        0x1 contiki-z1.a(framer-802154.o)
 .bss.received_seqnos
                0x00001b84       0x40 contiki-z1.a(mac-sequence.o)
 .bss.destination_
                0x00001bc4        0x2 /usr/local/msp430/bin/../lib/gcc/msp430/4.7.0/../../../../msp430/lib/mcpu-430x/mmpy-16/msr20/mc20/libc.a(sprintf.o)
 .bss.available_
                0x00001bc6        0x2 /usr/local/msp430/bin/../lib/gcc/msp430/4.7.0/../../../../msp430/lib/mcpu-430x/mmpy-16/msr20/mc20/libc.a(sprintf.o)
 *(.near.bss .near.bss.*)
 *(COMMON)
 COMMON         0x00001bc8        0x2 obj_z1/contiki-z1-main.o
                0x00001bc8                sensors_flags
 COMMON         0x00001bca       0x10 contiki-z1.a(cc2420.o)
                0x00001bca                cc2420_last_rssi
                0x00001bcc                cc2420_sfd_start_time
                0x00001bce                cc2420_time_of_departure
                0x00001bd0                cc2420_time_of_arrival
                0x00001bd2                cc2420_last_correlation
                0x00001bd4                cc2420_authority_level_of_sender
                0x00001bd6                cc2420_sfd_counter
                0x00001bd8                cc2420_sfd_end_time
 COMMON         0x00001bda        0x8 contiki-z1.a(node-id.o)
                0x00001bda                node_mac
 COMMON         0x00001be2        0x1 contiki-z1.a(sensors.o)
                0x00001be2                sensors_event
 *fill*         0x00001be3        0x1 00
 COMMON         0x00001be4        0xe contiki-z1.a(i2cmaster.o)
                0x00001be4                transmit_data1
                0x00001be5                rx_byte_ctr
                0x00001be6                tx_buf_ptr
                0x00001be8                tx_byte_ctr
                0x00001bea                i
                0x00001bec                receive_data
                0x00001bed                rx_buf
                0x00001bef                transmit_data2
                0x00001bf0                rx_buf_ptr
 COMMON         0x00001bf2        0xb contiki-z1.a(adxl345.o)
                0x00001bf2                accm_int2_cb
                0x00001bf6                int2_event
                0x00001bf8                accm_int1_cb
                0x00001bfc                int1_event
 *fill*         0x00001bfd        0x1 00
 COMMON         0x00001bfe       0x56 contiki-z1.a(energest.o)
                0x00001bfe                energest_total_time
                0x00001c2e                energest_total_count
                0x00001c30                energest_current_mode
                0x00001c3c                energest_current_time
 COMMON         0x00001c54        0x1 contiki-z1.a(process.o)
                0x00001c54                process_maxevents
 COMMON         0x00001c55        0x1 contiki-z1.a(serial-line.o)
                0x00001c55                serial_line_event_message
 COMMON         0x00001c56        0x2 contiki-z1.a(linkaddr.o)
                0x00001c56                linkaddr_node_addr
 COMMON         0x00001c58       0x3c contiki-z1.a(packetbuf.o)
                0x00001c58                packetbuf_addrs
                0x00001c60                packetbuf_attrs
 COMMON         0x00001c94        0x8 contiki-z1.a(compower.o)
                0x00001c94                compower_idle_activity
                0x00001c9c                . = ALIGN (0x2)
                0x00001c9c                __bss_end = .
                0x00000afe                __bss_size = SIZEOF (.bss)

.noinit         0x00001c9c        0x2 load address 0x00008130
                0x00001c9c                . = ALIGN (0x2)
                0x00001c9c                __noinit_start = .
 *(.noinit .noinit.*)
 .noinit.crt0   0x00001c9c        0x2 /usr/local/msp430/bin/../lib/gcc/msp430/4.7.0/mcpu-430x/mmpy-16/msr20/mc20/libcrt0.a(__watchdog_support.o)
                0x00001c9c                __wdt_clear_value
                0x00001c9e                . = ALIGN (0x2)
                0x00001c9e                __noinit_end = .
                0x00001c9e                . = ALIGN (0x2)
                0x00001c9e                _end = .

.infomem        0x00001000        0x0
                0x00001000                . = ALIGN (0x2)
 *(.infomem .infomem.*)

.infomemnobits  0x00001000        0x0
                0x00001000                . = ALIGN (0x2)
 *(.infomemnobits .infomemnobits.*)

.infoa          0x000010c0        0x0
                0x000010c0                . = ALIGN (0x2)
 *(.infoa .infoa.*)

.infob          0x00001080        0x0
                0x00001080                . = ALIGN (0x2)
 *(.infob .infob.*)

.infoc          0x00001040        0x0
                0x00001040                . = ALIGN (0x2)
 *(.infoc .infoc.*)

.infod          0x00001000        0x0
                0x00001000                . = ALIGN (0x2)
 *(.infod .infod.*)

.vectors        0x0000ffc0       0x40
                0x0000ffc0                __vectors_start = .
 *(.vectors*)
 .vectors       0x0000ffc0       0x40 /usr/local/msp430/bin/../lib/gcc/msp430/4.7.0/mcpu-430x/mmpy-16/msr20/mc20/crt0ivtbl32.o
                0x0000ffc0                __ivtbl_32
                0x00010000                _vectors_end = .

.fartext        0x00010000        0x0
                0x00010000                . = ALIGN (0x2)
 *(.fartext .fartext.*)

.far.text       0x00010000        0x0
                0x00010000                . = ALIGN (0x2)
 *(.far.text .far.text.*)

.far.rodata     0x00010000        0x0
                0x00010000                . = ALIGN (0x2)
 *(.far.rodata .far.rodata.*)
                0x00010000                . = ALIGN (0x2)
                0x00010000                _efartext = .

.far.data       0x00000000        0x0 load address 0x00010000
                0x00000000                . = ALIGN (0x2)
                0x00000000                __far_data_start = .
 *(.far.data .far.data.*)
                0x00000000                . = ALIGN (0x2)
                0x00000000                _efardata = .
                0x00010000                __far_data_load_start = LOADADDR (.far.data)
                0x00000000                __far_data_size = SIZEOF (.far.data)

.far.bss        0x00000000        0x0 load address 0x00010000
                0x00000000                . = ALIGN (0x2)
                0x00000000                __far_bss_start = .
 *(.far.bss .far.bss.*)
                0x00000000                . = ALIGN (0x2)
                0x00000000                __far_bss_end = .
                0x00000000                __far_bss_size = SIZEOF (.far.bss)
                0x00000000                . = ALIGN (0x2)
                0x00000000                _far_end = .

.profiler
 *(.profiler)

.stab           0x00000000    0x1a220
 *(.stab)
 .stab          0x00000000     0x1398 temp_send_lab1.co
 .stab          0x00001398     0x10a4 obj_z1/contiki-z1-main.o
                               0x1800 (size before relaxing)
 .stab          0x0000243c      0x234 contiki-z1.a(contiki-z1-plat)
                                0x5ac (size before relaxing)
 .stab          0x00002670      0x498 contiki-z1.a(msp430.o)
                                0x804 (size before relaxing)
 .stab          0x00002b08      0x5a0 contiki-z1.a(leds.o)
                                0x804 (size before relaxing)
 .stab          0x000030a8      0x3cc contiki-z1.a(watchdog.o)
                                0x738 (size before relaxing)
 .stab          0x00003474      0x99c contiki-z1.a(xmem.o)
                                0xef4 (size before relaxing)
 .stab          0x00003e10      0x27c contiki-z1.a(spi.o)
                                0x5e8 (size before relaxing)
 .stab          0x0000408c     0x22e0 contiki-z1.a(cc2420.o)
                               0x2c70 (size before relaxing)
 .stab          0x0000636c      0x948 contiki-z1.a(cc2420-arch.o)
                               0x138c (size before relaxing)
 .stab          0x00006cb4      0x300 contiki-z1.a(node-id.o)
                                0x6f0 (size before relaxing)
 .stab          0x00006fb4      0x69c contiki-z1.a(sensors.o)
                                0xbd0 (size before relaxing)
 .stab          0x00007650      0x468 contiki-z1.a(button-sensor.o)
                                0x7ec (size before relaxing)
 .stab          0x00007ab8      0x504 contiki-z1.a(uart0.o)
                                0xa2c (size before relaxing)
 .stab          0x00007fbc      0x264 contiki-z1.a(uart0-putchar.o)
                                0x7a4 (size before relaxing)
 .stab          0x00008220      0x618 contiki-z1.a(tmp102.o)
                                0xb70 (size before relaxing)
 .stab          0x00008838      0x84c contiki-z1.a(i2cmaster.o)
                                0xbb8 (size before relaxing)
 .stab          0x00009084      0xb04 contiki-z1.a(adxl345.o)
                               0x1134 (size before relaxing)
 .stab          0x00009b88      0x930 contiki-z1.a(clock.o)
                                0xc9c (size before relaxing)
 .stab          0x0000a4b8      0x378 contiki-z1.a(leds-arch.o)
                                0x6e4 (size before relaxing)
 .stab          0x0000a830      0x3b4 contiki-z1.a(rtimer-arch.o)
                                0x720 (size before relaxing)
 .stab          0x0000abe4      0x294 contiki-z1.a(autostart.o)
                                0x54c (size before relaxing)
 .stab          0x0000ae78      0x78c contiki-z1.a(ctimer.o)
                                0xb10 (size before relaxing)
 .stab          0x0000b604      0x48c contiki-z1.a(energest.o)
                                0x72c (size before relaxing)
 .stab          0x0000ba90      0x9fc contiki-z1.a(etimer.o)
                                0xce4 (size before relaxing)
 .stab          0x0000c48c      0xb70 contiki-z1.a(process.o)
                               0x1020 (size before relaxing)
 .stab          0x0000cffc      0x3cc contiki-z1.a(rtimer.o)
                                0x6cc (size before relaxing)
 .stab          0x0000d3c8      0x348 contiki-z1.a(timer.o)
                                0x5a0 (size before relaxing)
 .stab          0x0000d710      0x51c contiki-z1.a(serial-line.o)
                                0xa50 (size before relaxing)
 .stab          0x0000dc2c      0x7bc contiki-z1.a(list.o)
                                0x7c8 (size before relaxing)
 .stab          0x0000e3e8      0x21c contiki-z1.a(random.o)
                                0x630 (size before relaxing)
 .stab          0x0000e604      0x3f0 contiki-z1.a(ringbuf.o)
                                0x648 (size before relaxing)
 .stab          0x0000e9f4      0x6cc contiki-z1.a(broadcast.o)
                               0x1518 (size before relaxing)
 .stab          0x0000f0c0      0x654 contiki-z1.a(channel.o)
                               0x1290 (size before relaxing)
 .stab          0x0000f714      0xcb4 contiki-z1.a(rime.o)
                               0x1410 (size before relaxing)
 .stab          0x000103c8      0x2ac contiki-z1.a(linkaddr.o)
                                0x6c0 (size before relaxing)
 .stab          0x00010674      0xd74 contiki-z1.a(packetbuf.o)
                               0x1bd8 (size before relaxing)
 .stab          0x000113e8      0xa38 contiki-z1.a(queuebuf.o)
                               0x1884 (size before relaxing)
 .stab          0x00011e20      0xdec contiki-z1.a(csma.o)
                               0x15b4 (size before relaxing)
 .stab          0x00012c0c      0x1f8 contiki-z1.a(mac.o)
                                0x504 (size before relaxing)
 .stab          0x00012e04     0x17ac contiki-z1.a(contikimac.o)
                               0x23d0 (size before relaxing)
 .stab          0x000145b0      0x6d8 contiki-z1.a(contikimac-fram)
                                0xf30 (size before relaxing)
 .stab          0x00014c88      0x684 contiki-z1.a(nullsec.o)
                                0xd98 (size before relaxing)
 .stab          0x0001530c      0x4ec contiki-z1.a(compower.o)
                                0xd08 (size before relaxing)
 .stab          0x000157f8      0x5c4 contiki-z1.a(memb.o)
                                0xb10 (size before relaxing)
 .stab          0x00015dbc      0x660 contiki-z1.a(abc.o)
                               0x14ac (size before relaxing)
 .stab          0x0001641c      0x6b4 contiki-z1.a(announcement.o)
                                0x96c (size before relaxing)
 .stab          0x00016ad0      0x948 contiki-z1.a(broadcast-annou)
                               0x15d8 (size before relaxing)
 .stab          0x00017418      0x588 contiki-z1.a(chameleon.o)
                               0x1248 (size before relaxing)
 .stab          0x000179a0      0x918 contiki-z1.a(framer-802154.o)
                                0xf6c (size before relaxing)
 .stab          0x000182b8      0x318 contiki-z1.a(framer.o)
                                0xc6c (size before relaxing)
 .stab          0x000185d0      0x60c contiki-z1.a(mac-sequence.o)
                               0x1470 (size before relaxing)
 .stab          0x00018bdc      0xd50 contiki-z1.a(chameleon-bitop)
                               0x19e0 (size before relaxing)
 .stab          0x0001992c      0x8f4 contiki-z1.a(frame802154.o)
                               0x10e0 (size before relaxing)

.stabstr        0x00000000    0x15fdf
 *(.stabstr)
 .stabstr       0x00000000    0x15fdf temp_send_lab1.co

.stab.excl
 *(.stab.excl)

.stab.exclstr
 *(.stab.exclstr)

.stab.index
 *(.stab.index)

.stab.indexstr
 *(.stab.indexstr)

.comment        0x00000000       0x30
 *(.comment)
 .comment       0x00000000       0x30 temp_send_lab1.co
                                 0x31 (size before relaxing)
 .comment       0x00000000       0x31 obj_z1/contiki-z1-main.o
 .comment       0x00000000       0x31 contiki-z1.a(contiki-z1-plat)
 .comment       0x00000000       0x31 contiki-z1.a(msp430.o)
 .comment       0x00000000       0x31 contiki-z1.a(leds.o)
 .comment       0x00000000       0x31 contiki-z1.a(watchdog.o)
 .comment       0x00000000       0x31 contiki-z1.a(xmem.o)
 .comment       0x00000000       0x31 contiki-z1.a(spi.o)
 .comment       0x00000000       0x31 contiki-z1.a(cc2420.o)
 .comment       0x00000000       0x31 contiki-z1.a(cc2420-arch.o)
 .comment       0x00000000       0x31 contiki-z1.a(node-id.o)
 .comment       0x00000000       0x31 contiki-z1.a(sensors.o)
 .comment       0x00000000       0x31 contiki-z1.a(button-sensor.o)
 .comment       0x00000000       0x31 contiki-z1.a(uart0.o)
 .comment       0x00000000       0x31 contiki-z1.a(uart0-putchar.o)
 .comment       0x00000000       0x31 contiki-z1.a(tmp102.o)
 .comment       0x00000000       0x31 contiki-z1.a(i2cmaster.o)
 .comment       0x00000000       0x31 contiki-z1.a(adxl345.o)
 .comment       0x00000000       0x31 contiki-z1.a(clock.o)
 .comment       0x00000000       0x31 contiki-z1.a(leds-arch.o)
 .comment       0x00000000       0x31 contiki-z1.a(rtimer-arch.o)
 .comment       0x00000000       0x31 contiki-z1.a(autostart.o)
 .comment       0x00000000       0x31 contiki-z1.a(ctimer.o)
 .comment       0x00000000       0x31 contiki-z1.a(energest.o)
 .comment       0x00000000       0x31 contiki-z1.a(etimer.o)
 .comment       0x00000000       0x31 contiki-z1.a(process.o)
 .comment       0x00000000       0x31 contiki-z1.a(rtimer.o)
 .comment       0x00000000       0x31 contiki-z1.a(timer.o)
 .comment       0x00000000       0x31 contiki-z1.a(serial-line.o)
 .comment       0x00000000       0x31 contiki-z1.a(list.o)
 .comment       0x00000000       0x31 contiki-z1.a(random.o)
 .comment       0x00000000       0x31 contiki-z1.a(ringbuf.o)
 .comment       0x00000000       0x31 contiki-z1.a(broadcast.o)
 .comment       0x00000000       0x31 contiki-z1.a(channel.o)
 .comment       0x00000000       0x31 contiki-z1.a(rime.o)
 .comment       0x00000000       0x31 contiki-z1.a(linkaddr.o)
 .comment       0x00000000       0x31 contiki-z1.a(packetbuf.o)
 .comment       0x00000000       0x31 contiki-z1.a(queuebuf.o)
 .comment       0x00000000       0x31 contiki-z1.a(csma.o)
 .comment       0x00000000       0x31 contiki-z1.a(mac.o)
 .comment       0x00000000       0x31 contiki-z1.a(contikimac.o)
 .comment       0x00000000       0x31 contiki-z1.a(contikimac-fram)
 .comment       0x00000000       0x31 contiki-z1.a(nullsec.o)
 .comment       0x00000000       0x31 contiki-z1.a(compower.o)
 .comment       0x00000000       0x31 contiki-z1.a(memb.o)
 .comment       0x00000000       0x31 contiki-z1.a(abc.o)
 .comment       0x00000000       0x31 contiki-z1.a(announcement.o)
 .comment       0x00000000       0x31 contiki-z1.a(broadcast-annou)
 .comment       0x00000000       0x31 contiki-z1.a(chameleon.o)
 .comment       0x00000000       0x31 contiki-z1.a(framer-802154.o)
 .comment       0x00000000       0x31 contiki-z1.a(framer.o)
 .comment       0x00000000       0x31 contiki-z1.a(mac-sequence.o)
 .comment       0x00000000       0x31 contiki-z1.a(chameleon-bitop)
 .comment       0x00000000       0x31 contiki-z1.a(frame802154.o)
 .comment       0x00000000       0x31 /usr/local/msp430/bin/../lib/gcc/msp430/4.7.0/../../../../msp430/lib/mcpu-430x/mmpy-16/msr20/mc20/libc.a(printf.o)
 .comment       0x00000000       0x31 /usr/local/msp430/bin/../lib/gcc/msp430/4.7.0/../../../../msp430/lib/mcpu-430x/mmpy-16/msr20/mc20/libc.a(sprintf.o)
 .comment       0x00000000       0x31 /usr/local/msp430/bin/../lib/gcc/msp430/4.7.0/../../../../msp430/lib/mcpu-430x/mmpy-16/msr20/mc20/libc.a(vuprintf.o)
 .comment       0x00000000       0x31 /usr/local/msp430/bin/../lib/gcc/msp430/4.7.0/../../../../msp430/lib/mcpu-430x/mmpy-16/msr20/mc20/libc.a(puts.o)
 .comment       0x00000000       0x31 /usr/local/msp430/bin/../lib/gcc/msp430/4.7.0/../../../../msp430/lib/mcpu-430x/mmpy-16/msr20/mc20/libc.a(rand.o)
 .comment       0x00000000       0x31 /usr/local/msp430/bin/../lib/gcc/msp430/4.7.0/../../../../msp430/lib/mcpu-430x/mmpy-16/msr20/mc20/libc.a(memcmp.o)
 .comment       0x00000000       0x31 /usr/local/msp430/bin/../lib/gcc/msp430/4.7.0/../../../../msp430/lib/mcpu-430x/mmpy-16/msr20/mc20/libc.a(memcpy.o)
 .comment       0x00000000       0x31 /usr/local/msp430/bin/../lib/gcc/msp430/4.7.0/../../../../msp430/lib/mcpu-430x/mmpy-16/msr20/mc20/libc.a(memset.o)

.debug
 *(.debug)

.line
 *(.line)

.debug_srcinfo
 *(.debug_srcinfo)

.debug_sfnames
 *(.debug_sfnames)

.debug_aranges  0x00000000      0x2a8
 *(.debug_aranges)
 .debug_aranges
                0x00000000       0x20 /usr/local/msp430/bin/../lib/gcc/msp430/4.7.0/mcpu-430x/mmpy-16/msr20/mc20/crt0ivtbl32.o
 .debug_aranges
                0x00000020       0x20 /usr/local/msp430/bin/../lib/gcc/msp430/4.7.0/mcpu-430x/mmpy-16/msr20/mc20/libgcc.a(_mulsi3.o)
 .debug_aranges
                0x00000040       0x20 /usr/local/msp430/bin/../lib/gcc/msp430/4.7.0/mcpu-430x/mmpy-16/msr20/mc20/libgcc.a(_udivmod32.o)
 .debug_aranges
                0x00000060       0x20 /usr/local/msp430/bin/../lib/gcc/msp430/4.7.0/mcpu-430x/mmpy-16/msr20/mc20/libgcc.a(_udivmod16.o)
 .debug_aranges
                0x00000080       0x28 /usr/local/msp430/bin/../lib/gcc/msp430/4.7.0/../../../../msp430/lib/mcpu-430x/mmpy-16/msr20/mc20/libc.a(printf.o)
 .debug_aranges
                0x000000a8       0x48 /usr/local/msp430/bin/../lib/gcc/msp430/4.7.0/../../../../msp430/lib/mcpu-430x/mmpy-16/msr20/mc20/libc.a(sprintf.o)
 .debug_aranges
                0x000000f0       0x28 /usr/local/msp430/bin/../lib/gcc/msp430/4.7.0/../../../../msp430/lib/mcpu-430x/mmpy-16/msr20/mc20/libc.a(vuprintf.o)
 .debug_aranges
                0x00000118       0x20 /usr/local/msp430/bin/../lib/gcc/msp430/4.7.0/../../../../msp430/lib/mcpu-430x/mmpy-16/msr20/mc20/libc.a(puts.o)
 .debug_aranges
                0x00000138       0x30 /usr/local/msp430/bin/../lib/gcc/msp430/4.7.0/../../../../msp430/lib/mcpu-430x/mmpy-16/msr20/mc20/libc.a(rand.o)
 .debug_aranges
                0x00000168       0x20 /usr/local/msp430/bin/../lib/gcc/msp430/4.7.0/../../../../msp430/lib/mcpu-430x/mmpy-16/msr20/mc20/libc.a(memcmp.o)
 .debug_aranges
                0x00000188       0x20 /usr/local/msp430/bin/../lib/gcc/msp430/4.7.0/../../../../msp430/lib/mcpu-430x/mmpy-16/msr20/mc20/libc.a(memcpy.o)
 .debug_aranges
                0x000001a8       0x20 /usr/local/msp430/bin/../lib/gcc/msp430/4.7.0/../../../../msp430/lib/mcpu-430x/mmpy-16/msr20/mc20/libc.a(memset.o)
 .debug_aranges
                0x000001c8       0x20 /usr/local/msp430/bin/../lib/gcc/msp430/4.7.0/mcpu-430x/mmpy-16/msr20/mc20/libgcc.a(_udivmod64.o)
 .debug_aranges
                0x000001e8       0x20 /usr/local/msp430/bin/../lib/gcc/msp430/4.7.0/mcpu-430x/mmpy-16/msr20/mc20/libcrt0.a(__watchdog_support.o)
 .debug_aranges
                0x00000208       0x20 /usr/local/msp430/bin/../lib/gcc/msp430/4.7.0/mcpu-430x/mmpy-16/msr20/mc20/libcrt0.a(__init_stack.o)
 .debug_aranges
                0x00000228       0x20 /usr/local/msp430/bin/../lib/gcc/msp430/4.7.0/mcpu-430x/mmpy-16/msr20/mc20/libcrt0.a(_copy_data.o)
 .debug_aranges
                0x00000248       0x20 /usr/local/msp430/bin/../lib/gcc/msp430/4.7.0/mcpu-430x/mmpy-16/msr20/mc20/libcrt0.a(_clear_bss.o)
 .debug_aranges
                0x00000268       0x20 /usr/local/msp430/bin/../lib/gcc/msp430/4.7.0/mcpu-430x/mmpy-16/msr20/mc20/libcrt0.a(_endless_loop__.o)
 .debug_aranges
                0x00000288       0x20 /usr/local/msp430/bin/../lib/gcc/msp430/4.7.0/mcpu-430x/mmpy-16/msr20/mc20/libcrt0.a(_unexpected_.o)

.debug_pubnames
 *(.debug_pubnames)

.debug_info     0x00000000     0x190a
 *(.debug_info)
 .debug_info    0x00000000       0xbd /usr/local/msp430/bin/../lib/gcc/msp430/4.7.0/mcpu-430x/mmpy-16/msr20/mc20/crt0ivtbl32.o
 .debug_info    0x000000bd       0xba /usr/local/msp430/bin/../lib/gcc/msp430/4.7.0/mcpu-430x/mmpy-16/msr20/mc20/libgcc.a(_mulsi3.o)
 .debug_info    0x00000177       0xba /usr/local/msp430/bin/../lib/gcc/msp430/4.7.0/mcpu-430x/mmpy-16/msr20/mc20/libgcc.a(_udivmod32.o)
 .debug_info    0x00000231       0xba /usr/local/msp430/bin/../lib/gcc/msp430/4.7.0/mcpu-430x/mmpy-16/msr20/mc20/libgcc.a(_udivmod16.o)
 .debug_info    0x000002eb      0x18d /usr/local/msp430/bin/../lib/gcc/msp430/4.7.0/../../../../msp430/lib/mcpu-430x/mmpy-16/msr20/mc20/libc.a(printf.o)
 .debug_info    0x00000478      0x352 /usr/local/msp430/bin/../lib/gcc/msp430/4.7.0/../../../../msp430/lib/mcpu-430x/mmpy-16/msr20/mc20/libc.a(sprintf.o)
 .debug_info    0x000007ca      0x673 /usr/local/msp430/bin/../lib/gcc/msp430/4.7.0/../../../../msp430/lib/mcpu-430x/mmpy-16/msr20/mc20/libc.a(vuprintf.o)
 .debug_info    0x00000e3d       0xe1 /usr/local/msp430/bin/../lib/gcc/msp430/4.7.0/../../../../msp430/lib/mcpu-430x/mmpy-16/msr20/mc20/libc.a(puts.o)
 .debug_info    0x00000f1e      0x172 /usr/local/msp430/bin/../lib/gcc/msp430/4.7.0/../../../../msp430/lib/mcpu-430x/mmpy-16/msr20/mc20/libc.a(rand.o)
 .debug_info    0x00001090       0xff /usr/local/msp430/bin/../lib/gcc/msp430/4.7.0/../../../../msp430/lib/mcpu-430x/mmpy-16/msr20/mc20/libc.a(memcmp.o)
 .debug_info    0x0000118f      0x144 /usr/local/msp430/bin/../lib/gcc/msp430/4.7.0/../../../../msp430/lib/mcpu-430x/mmpy-16/msr20/mc20/libc.a(memcpy.o)